Archive member included to satisfy reference by file (symbol)

/opt/st/stm32cubeide_1.6.0/plugins/com.st.stm32cube.ide.mcu.externaltools.gnu-tools-for-stm32.9-2020-q2-update.linux64_1.5.0.202011040924/tools/bin/../lib/gcc/arm-none-eabi/9.3.1/../../../../arm-none-eabi/lib/thumb/v7-m/nofp/libm.a(lib_a-s_modf.o)
                              software/UART_handler/UART_handler.o (modf)
/opt/st/stm32cubeide_1.6.0/plugins/com.st.stm32cube.ide.mcu.externaltools.gnu-tools-for-stm32.9-2020-q2-update.linux64_1.5.0.202011040924/tools/bin/../lib/gcc/arm-none-eabi/9.3.1/../../../../arm-none-eabi/lib/thumb/v7-m/nofp/libc_nano.a(lib_a-errno.o)
                              Core/Src/syscalls.o (__errno)
/opt/st/stm32cubeide_1.6.0/plugins/com.st.stm32cube.ide.mcu.externaltools.gnu-tools-for-stm32.9-2020-q2-update.linux64_1.5.0.202011040924/tools/bin/../lib/gcc/arm-none-eabi/9.3.1/../../../../arm-none-eabi/lib/thumb/v7-m/nofp/libc_nano.a(lib_a-exit.o)
                              /opt/st/stm32cubeide_1.6.0/plugins/com.st.stm32cube.ide.mcu.externaltools.gnu-tools-for-stm32.9-2020-q2-update.linux64_1.5.0.202011040924/tools/bin/../lib/gcc/arm-none-eabi/9.3.1/../../../../arm-none-eabi/lib/thumb/v7-m/nofp/crt0.o (exit)
/opt/st/stm32cubeide_1.6.0/plugins/com.st.stm32cube.ide.mcu.externaltools.gnu-tools-for-stm32.9-2020-q2-update.linux64_1.5.0.202011040924/tools/bin/../lib/gcc/arm-none-eabi/9.3.1/../../../../arm-none-eabi/lib/thumb/v7-m/nofp/libc_nano.a(lib_a-impure.o)
                              /opt/st/stm32cubeide_1.6.0/plugins/com.st.stm32cube.ide.mcu.externaltools.gnu-tools-for-stm32.9-2020-q2-update.linux64_1.5.0.202011040924/tools/bin/../lib/gcc/arm-none-eabi/9.3.1/../../../../arm-none-eabi/lib/thumb/v7-m/nofp/libc_nano.a(lib_a-exit.o) (_global_impure_ptr)
/opt/st/stm32cubeide_1.6.0/plugins/com.st.stm32cube.ide.mcu.externaltools.gnu-tools-for-stm32.9-2020-q2-update.linux64_1.5.0.202011040924/tools/bin/../lib/gcc/arm-none-eabi/9.3.1/../../../../arm-none-eabi/lib/thumb/v7-m/nofp/libc_nano.a(lib_a-init.o)
                              /opt/st/stm32cubeide_1.6.0/plugins/com.st.stm32cube.ide.mcu.externaltools.gnu-tools-for-stm32.9-2020-q2-update.linux64_1.5.0.202011040924/tools/bin/../lib/gcc/arm-none-eabi/9.3.1/../../../../arm-none-eabi/lib/thumb/v7-m/nofp/crt0.o (__libc_init_array)
/opt/st/stm32cubeide_1.6.0/plugins/com.st.stm32cube.ide.mcu.externaltools.gnu-tools-for-stm32.9-2020-q2-update.linux64_1.5.0.202011040924/tools/bin/../lib/gcc/arm-none-eabi/9.3.1/../../../../arm-none-eabi/lib/thumb/v7-m/nofp/libc_nano.a(lib_a-memcpy-stub.o)
                              Middlewares/Third_Party/FreeRTOS/Source/queue.o (memcpy)
/opt/st/stm32cubeide_1.6.0/plugins/com.st.stm32cube.ide.mcu.externaltools.gnu-tools-for-stm32.9-2020-q2-update.linux64_1.5.0.202011040924/tools/bin/../lib/gcc/arm-none-eabi/9.3.1/../../../../arm-none-eabi/lib/thumb/v7-m/nofp/libc_nano.a(lib_a-memset.o)
                              /opt/st/stm32cubeide_1.6.0/plugins/com.st.stm32cube.ide.mcu.externaltools.gnu-tools-for-stm32.9-2020-q2-update.linux64_1.5.0.202011040924/tools/bin/../lib/gcc/arm-none-eabi/9.3.1/../../../../arm-none-eabi/lib/thumb/v7-m/nofp/crt0.o (memset)
/opt/st/stm32cubeide_1.6.0/plugins/com.st.stm32cube.ide.mcu.externaltools.gnu-tools-for-stm32.9-2020-q2-update.linux64_1.5.0.202011040924/tools/bin/../lib/gcc/arm-none-eabi/9.3.1/../../../../arm-none-eabi/lib/thumb/v7-m/nofp/libc_nano.a(lib_a-nano-vfprintf_float.o)
                              (_printf_float)
/opt/st/stm32cubeide_1.6.0/plugins/com.st.stm32cube.ide.mcu.externaltools.gnu-tools-for-stm32.9-2020-q2-update.linux64_1.5.0.202011040924/tools/bin/../lib/gcc/arm-none-eabi/9.3.1/../../../../arm-none-eabi/lib/thumb/v7-m/nofp/libc_nano.a(lib_a-nano-vfprintf_i.o)
                              /opt/st/stm32cubeide_1.6.0/plugins/com.st.stm32cube.ide.mcu.externaltools.gnu-tools-for-stm32.9-2020-q2-update.linux64_1.5.0.202011040924/tools/bin/../lib/gcc/arm-none-eabi/9.3.1/../../../../arm-none-eabi/lib/thumb/v7-m/nofp/libc_nano.a(lib_a-nano-vfprintf_float.o) (_printf_common)
/opt/st/stm32cubeide_1.6.0/plugins/com.st.stm32cube.ide.mcu.externaltools.gnu-tools-for-stm32.9-2020-q2-update.linux64_1.5.0.202011040924/tools/bin/../lib/gcc/arm-none-eabi/9.3.1/../../../../arm-none-eabi/lib/thumb/v7-m/nofp/libc_nano.a(lib_a-nano-vfscanf_float.o)
                              (_scanf_float)
/opt/st/stm32cubeide_1.6.0/plugins/com.st.stm32cube.ide.mcu.externaltools.gnu-tools-for-stm32.9-2020-q2-update.linux64_1.5.0.202011040924/tools/bin/../lib/gcc/arm-none-eabi/9.3.1/../../../../arm-none-eabi/lib/thumb/v7-m/nofp/libc_nano.a(lib_a-sf_nan.o)
                              /opt/st/stm32cubeide_1.6.0/plugins/com.st.stm32cube.ide.mcu.externaltools.gnu-tools-for-stm32.9-2020-q2-update.linux64_1.5.0.202011040924/tools/bin/../lib/gcc/arm-none-eabi/9.3.1/../../../../arm-none-eabi/lib/thumb/v7-m/nofp/libc_nano.a(lib_a-nano-vfscanf_float.o) (nanf)
[...]
Memory Configuration

Name             Origin             Length             Attributes
RAM              0x0000000020000000 0x0000000000005000 xrw
FLASH            0x0000000008000000 0x0000000000010000 xr
*default*        0x0000000000000000 0xffffffffffffffff

Linker script and memory map

LOAD /opt/st/stm32cubeide_1.6.0/plugins/com.st.stm32cube.ide.mcu.externaltools.gnu-tools-for-stm32.9-2020-q2-update.linux64_1.5.0.202011040924/tools/bin/../lib/gcc/arm-none-eabi/9.3.1/thumb/v7-m/nofp/crti.o
LOAD /opt/st/stm32cubeide_1.6.0/plugins/com.st.stm32cube.ide.mcu.externaltools.gnu-tools-for-stm32.9-2020-q2-update.linux64_1.5.0.202011040924/tools/bin/../lib/gcc/arm-none-eabi/9.3.1/thumb/v7-m/nofp/crtbegin.o
LOAD /opt/st/stm32cubeide_1.6.0/plugins/com.st.stm32cube.ide.mcu.externaltools.gnu-tools-for-stm32.9-2020-q2-update.linux64_1.5.0.202011040924/tools/bin/../lib/gcc/arm-none-eabi/9.3.1/../../../../arm-none-eabi/lib/thumb/v7-m/nofp/crt0.o
LOAD Core/Src/freertos.o
LOAD Core/Src/main.o
LOAD Core/Src/stm32f1xx_hal_msp.o
LOAD Core/Src/stm32f1xx_it.o
LOAD Core/Src/syscalls.o
LOAD Core/Src/sysmem.o
LOAD Core/Src/system_stm32f1xx.o
LOAD Core/Startup/startup_stm32f103c8tx.o
LOAD Drivers/STM32F1xx_HAL_Driver/Src/stm32f1xx_hal.o
LOAD Drivers/STM32F1xx_HAL_Driver/Src/stm32f1xx_hal_cortex.o
LOAD Drivers/STM32F1xx_HAL_Driver/Src/stm32f1xx_hal_dma.o
LOAD Drivers/STM32F1xx_HAL_Driver/Src/stm32f1xx_hal_exti.o
LOAD Drivers/STM32F1xx_HAL_Driver/Src/stm32f1xx_hal_flash.o
LOAD Drivers/STM32F1xx_HAL_Driver/Src/stm32f1xx_hal_flash_ex.o
LOAD Drivers/STM32F1xx_HAL_Driver/Src/stm32f1xx_hal_gpio.o
LOAD Drivers/STM32F1xx_HAL_Driver/Src/stm32f1xx_hal_gpio_ex.o
LOAD Drivers/STM32F1xx_HAL_Driver/Src/stm32f1xx_hal_pwr.o
LOAD Drivers/STM32F1xx_HAL_Driver/Src/stm32f1xx_hal_rcc.o
LOAD Drivers/STM32F1xx_HAL_Driver/Src/stm32f1xx_hal_rcc_ex.o
LOAD Drivers/STM32F1xx_HAL_Driver/Src/stm32f1xx_hal_tim.o
LOAD Drivers/STM32F1xx_HAL_Driver/Src/stm32f1xx_hal_tim_ex.o
LOAD Drivers/STM32F1xx_HAL_Driver/Src/stm32f1xx_hal_uart.o
LOAD Middlewares/Third_Party/FreeRTOS/Source/CMSIS_RTOS/cmsis_os.o
LOAD Middlewares/Third_Party/FreeRTOS/Source/croutine.o
LOAD Middlewares/Third_Party/FreeRTOS/Source/event_groups.o
LOAD Middlewares/Third_Party/FreeRTOS/Source/list.o
LOAD Middlewares/Third_Party/FreeRTOS/Source/queue.o
LOAD Middlewares/Third_Party/FreeRTOS/Source/stream_buffer.o
LOAD Middlewares/Third_Party/FreeRTOS/Source/tasks.o
LOAD Middlewares/Third_Party/FreeRTOS/Source/timers.o
LOAD Middlewares/Third_Party/FreeRTOS/Source/portable/GCC/ARM_CM3/port.o
LOAD Middlewares/Third_Party/FreeRTOS/Source/portable/MemMang/heap_4.o
LOAD software/UART_handler/UART_handler.o
START GROUP
LOAD /opt/st/stm32cubeide_1.6.0/plugins/com.st.stm32cube.ide.mcu.externaltools.gnu-tools-for-stm32.9-2020-q2-update.linux64_1.5.0.202011040924/tools/bin/../lib/gcc/arm-none-eabi/9.3.1/../../../../arm-none-eabi/lib/thumb/v7-m/nofp/libstdc++_nano.a
LOAD /opt/st/stm32cubeide_1.6.0/plugins/com.st.stm32cube.ide.mcu.externaltools.gnu-tools-for-stm32.9-2020-q2-update.linux64_1.5.0.202011040924/tools/bin/../lib/gcc/arm-none-eabi/9.3.1/../../../../arm-none-eabi/lib/thumb/v7-m/nofp/libsupc++_nano.a
END GROUP
LOAD /opt/st/stm32cubeide_1.6.0/plugins/com.st.stm32cube.ide.mcu.externaltools.gnu-tools-for-stm32.9-2020-q2-update.linux64_1.5.0.202011040924/tools/bin/../lib/gcc/arm-none-eabi/9.3.1/../../../../arm-none-eabi/lib/thumb/v7-m/nofp/libstdc++_nano.a
LOAD /opt/st/stm32cubeide_1.6.0/plugins/com.st.stm32cube.ide.mcu.externaltools.gnu-tools-for-stm32.9-2020-q2-update.linux64_1.5.0.202011040924/tools/bin/../lib/gcc/arm-none-eabi/9.3.1/../../../../arm-none-eabi/lib/thumb/v7-m/nofp/libm.a
LOAD /opt/st/stm32cubeide_1.6.0/plugins/com.st.stm32cube.ide.mcu.externaltools.gnu-tools-for-stm32.9-2020-q2-update.linux64_1.5.0.202011040924/tools/bin/../lib/gcc/arm-none-eabi/9.3.1/../../../../arm-none-eabi/lib/thumb/v7-m/nofp/libc_nano.a
START GROUP
LOAD /opt/st/stm32cubeide_1.6.0/plugins/com.st.stm32cube.ide.mcu.externaltools.gnu-tools-for-stm32.9-2020-q2-update.linux64_1.5.0.202011040924/tools/bin/../lib/gcc/arm-none-eabi/9.3.1/thumb/v7-m/nofp/libgcc.a
LOAD /opt/st/stm32cubeide_1.6.0/plugins/com.st.stm32cube.ide.mcu.externaltools.gnu-tools-for-stm32.9-2020-q2-update.linux64_1.5.0.202011040924/tools/bin/../lib/gcc/arm-none-eabi/9.3.1/../../../../arm-none-eabi/lib/thumb/v7-m/nofp/libc_nano.a
END GROUP
START GROUP
LOAD /opt/st/stm32cubeide_1.6.0/plugins/com.st.stm32cube.ide.mcu.externaltools.gnu-tools-for-stm32.9-2020-q2-update.linux64_1.5.0.202011040924/tools/bin/../lib/gcc/arm-none-eabi/9.3.1/thumb/v7-m/nofp/libgcc.a
LOAD /opt/st/stm32cubeide_1.6.0/plugins/com.st.stm32cube.ide.mcu.externaltools.gnu-tools-for-stm32.9-2020-q2-update.linux64_1.5.0.202011040924/tools/bin/../lib/gcc/arm-none-eabi/9.3.1/../../../../arm-none-eabi/lib/thumb/v7-m/nofp/libc_nano.a
LOAD /opt/st/stm32cubeide_1.6.0/plugins/com.st.stm32cube.ide.mcu.externaltools.gnu-tools-for-stm32.9-2020-q2-update.linux64_1.5.0.202011040924/tools/bin/../lib/gcc/arm-none-eabi/9.3.1/../../../../arm-none-eabi/lib/thumb/v7-m/nofp/libnosys.a
END GROUP
START GROUP
LOAD /opt/st/stm32cubeide_1.6.0/plugins/com.st.stm32cube.ide.mcu.externaltools.gnu-tools-for-stm32.9-2020-q2-update.linux64_1.5.0.202011040924/tools/bin/../lib/gcc/arm-none-eabi/9.3.1/thumb/v7-m/nofp/libgcc.a
LOAD /opt/st/stm32cubeide_1.6.0/plugins/com.st.stm32cube.ide.mcu.externaltools.gnu-tools-for-stm32.9-2020-q2-update.linux64_1.5.0.202011040924/tools/bin/../lib/gcc/arm-none-eabi/9.3.1/../../../../arm-none-eabi/lib/thumb/v7-m/nofp/libc_nano.a
LOAD /opt/st/stm32cubeide_1.6.0/plugins/com.st.stm32cube.ide.mcu.externaltools.gnu-tools-for-stm32.9-2020-q2-update.linux64_1.5.0.202011040924/tools/bin/../lib/gcc/arm-none-eabi/9.3.1/../../../../arm-none-eabi/lib/thumb/v7-m/nofp/libnosys.a
END GROUP
LOAD /opt/st/stm32cubeide_1.6.0/plugins/com.st.stm32cube.ide.mcu.externaltools.gnu-tools-for-stm32.9-2020-q2-update.linux64_1.5.0.202011040924/tools/bin/../lib/gcc/arm-none-eabi/9.3.1/thumb/v7-m/nofp/crtend.o
LOAD /opt/st/stm32cubeide_1.6.0/plugins/com.st.stm32cube.ide.mcu.externaltools.gnu-tools-for-stm32.9-2020-q2-update.linux64_1.5.0.202011040924/tools/bin/../lib/gcc/arm-none-eabi/9.3.1/thumb/v7-m/nofp/crtn.o
                0x0000000020005000                _estack = (ORIGIN (RAM) + LENGTH (RAM))
                0x0000000000000200                _Min_Heap_Size = 0x200
                0x0000000000000400                _Min_Stack_Size = 0x400

.isr_vector     0x0000000008000000      0x10c
                0x0000000008000000                . = ALIGN (0x4)
 *(.isr_vector)
 .isr_vector    0x0000000008000000      0x10c Core/Startup/startup_stm32f103c8tx.o
                0x0000000008000000                g_pfnVectors
                0x000000000800010c                . = ALIGN (0x4)

.text           0x0000000008000110     0x99d8
                0x0000000008000110                . = ALIGN (0x4)
 *(.text)
 .text          0x0000000008000110       0x40 /opt/st/stm32cubeide_1.6.0/plugins/com.st.stm32cube.ide.mcu.externaltools.gnu-tools-for-stm32.9-2020-q2-update.linux64_1.5.0.202011040924/tools/bin/../lib/gcc/arm-none-eabi/9.3.1/thumb/v7-m/nofp/crtbegin.o
 .text          0x0000000008000150       0x10 /opt/st/stm32cubeide_1.6.0/plugins/com.st.stm32cube.ide.mcu.externaltools.gnu-tools-for-stm32.9-2020-q2-update.linux64_1.5.0.202011040924/tools/bin/../lib/gcc/arm-none-eabi/9.3.1/../../../../arm-none-eabi/lib/thumb/v7-m/nofp/libc_nano.a(lib_a-strlen.o)
                0x0000000008000150                strlen
 .text          0x0000000008000160      0x378 /opt/st/stm32cubeide_1.6.0/plugins/com.st.stm32cube.ide.mcu.externaltools.gnu-tools-for-stm32.9-2020-q2-update.linux64_1.5.0.202011040924/tools/bin/../lib/gcc/arm-none-eabi/9.3.1/thumb/v7-m/nofp/libgcc.a(_arm_addsubdf3.o)
                0x0000000008000160                __aeabi_drsub
                0x0000000008000168                __aeabi_dsub
                0x0000000008000168                __subdf3
                0x000000000800016c                __adddf3
                0x000000000800016c                __aeabi_dadd
                0x00000000080003e4                __aeabi_ui2d
                0x00000000080003e4                __floatunsidf
                0x0000000008000404                __floatsidf
                0x0000000008000404                __aeabi_i2d
                0x0000000008000428                __extendsfdf2
                0x0000000008000428                __aeabi_f2d
                0x000000000800046c                __aeabi_ul2d
                0x000000000800046c                __floatundidf
                0x000000000800047c                __floatdidf
                0x000000000800047c                __aeabi_l2d
 .text          0x00000000080004d8      0x424 /opt/st/stm32cubeide_1.6.0/plugins/com.st.stm32cube.ide.mcu.externaltools.gnu-tools-for-stm32.9-2020-q2-update.linux64_1.5.0.202011040924/tools/bin/../lib/gcc/arm-none-eabi/9.3.1/thumb/v7-m/nofp/libgcc.a(_arm_muldivdf3.o)
                0x00000000080004d8                __aeabi_dmul
                0x00000000080004d8                __muldf3
                0x000000000800072c                __aeabi_ddiv
                0x000000000800072c                __divdf3
 .text          0x00000000080008fc      0x110 /opt/st/stm32cubeide_1.6.0/plugins/com.st.stm32cube.ide.mcu.externaltools.gnu-tools-for-stm32.9-2020-q2-update.linux64_1.5.0.202011040924/tools/bin/../lib/gcc/arm-none-eabi/9.3.1/thumb/v7-m/nofp/libgcc.a(_arm_cmpdf2.o)
                0x00000000080008fc                __gtdf2
                0x00000000080008fc                __gedf2
                0x0000000008000904                __ltdf2
                0x0000000008000904                __ledf2
                0x000000000800090c                __cmpdf2
                0x000000000800090c                __eqdf2
                0x000000000800090c                __nedf2
                0x0000000008000988                __aeabi_cdrcmple
                0x0000000008000998                __aeabi_cdcmple
                0x0000000008000998                __aeabi_cdcmpeq
                0x00000000080009a8                __aeabi_dcmpeq
                0x00000000080009bc                __aeabi_dcmplt
                0x00000000080009d0                __aeabi_dcmple
                0x00000000080009e4                __aeabi_dcmpge
                0x00000000080009f8                __aeabi_dcmpgt
 .text          0x0000000008000a0c       0x2c /opt/st/stm32cubeide_1.6.0/plugins/com.st.stm32cube.ide.mcu.externaltools.gnu-tools-for-stm32.9-2020-q2-update.linux64_1.5.0.202011040924/tools/bin/../lib/gcc/arm-none-eabi/9.3.1/thumb/v7-m/nofp/libgcc.a(_arm_unorddf2.o)
                0x0000000008000a0c                __aeabi_dcmpun
                0x0000000008000a0c                __unorddf2
 .text          0x0000000008000a38       0x50 /opt/st/stm32cubeide_1.6.0/plugins/com.st.stm32cube.ide.mcu.externaltools.gnu-tools-for-stm32.9-2020-q2-update.linux64_1.5.0.202011040924/tools/bin/../lib/gcc/arm-none-eabi/9.3.1/thumb/v7-m/nofp/libgcc.a(_arm_fixdfsi.o)
                0x0000000008000a38                __fixdfsi
                0x0000000008000a38                __aeabi_d2iz
 .text          0x0000000008000a88       0x40 /opt/st/stm32cubeide_1.6.0/plugins/com.st.stm32cube.ide.mcu.externaltools.gnu-tools-for-stm32.9-2020-q2-update.linux64_1.5.0.202011040924/tools/bin/../lib/gcc/arm-none-eabi/9.3.1/thumb/v7-m/nofp/libgcc.a(_arm_fixunsdfsi.o)
                0x0000000008000a88                __fixunsdfsi
                0x0000000008000a88                __aeabi_d2uiz
 .text          0x0000000008000ac8       0xa0 /opt/st/stm32cubeide_1.6.0/plugins/com.st.stm32cube.ide.mcu.externaltools.gnu-tools-for-stm32.9-2020-q2-update.linux64_1.5.0.202011040924/tools/bin/../lib/gcc/arm-none-eabi/9.3.1/thumb/v7-m/nofp/libgcc.a(_arm_truncdfsf2.o)
                0x0000000008000ac8                __aeabi_d2f
                0x0000000008000ac8                __truncdfsf2
 .text          0x0000000008000b68      0x21c /opt/st/stm32cubeide_1.6.0/plugins/com.st.stm32cube.ide.mcu.externaltools.gnu-tools-for-stm32.9-2020-q2-update.linux64_1.5.0.202011040924/tools/bin/../lib/gcc/arm-none-eabi/9.3.1/thumb/v7-m/nofp/libgcc.a(_arm_addsubsf3.o)
                0x0000000008000b68                __aeabi_frsub
                0x0000000008000b70                __subsf3
                0x0000000008000b70                __aeabi_fsub
                0x0000000008000b74                __aeabi_fadd
                0x0000000008000b74                __addsf3
                0x0000000008000cd4                __aeabi_ui2f
                0x0000000008000cd4                __floatunsisf
                0x0000000008000cdc                __aeabi_i2f
                0x0000000008000cdc                __floatsisf
                0x0000000008000cf8                __floatundisf
                0x0000000008000cf8                __aeabi_ul2f
                0x0000000008000d08                __floatdisf
                0x0000000008000d08                __aeabi_l2f
 .text          0x0000000008000d84       0x34 /opt/st/stm32cubeide_1.6.0/plugins/com.st.stm32cube.ide.mcu.externaltools.gnu-tools-for-stm32.9-2020-q2-update.linux64_1.5.0.202011040924/tools/bin/../lib/gcc/arm-none-eabi/9.3.1/thumb/v7-m/nofp/libgcc.a(_fixdfdi.o)
                0x0000000008000d84                __aeabi_d2lz
                0x0000000008000d84                __fixdfdi
 .text          0x0000000008000db8       0x3c /opt/st/stm32cubeide_1.6.0/plugins/com.st.stm32cube.ide.mcu.externaltools.gnu-tools-for-stm32.9-2020-q2-update.linux64_1.5.0.202011040924/tools/bin/../lib/gcc/arm-none-eabi/9.3.1/thumb/v7-m/nofp/libgcc.a(_fixunsdfdi.o)
                0x0000000008000db8                __aeabi_d2ulz
                0x0000000008000db8                __fixunsdfdi
 *(.text*)
 .text.vApplicationGetIdleTaskMemory
                0x0000000008000df4       0x30 Core/Src/freertos.o
                0x0000000008000df4                vApplicationGetIdleTaskMemory
 .text.main     0x0000000008000e24       0xd4 Core/Src/main.o
                0x0000000008000e24                main
 .text.SystemClock_Config
                0x0000000008000ef8       0x76 Core/Src/main.o
                0x0000000008000ef8                SystemClock_Config
 *fill*         0x0000000008000f6e        0x2 
 .text.MX_TIM2_Init
                0x0000000008000f70       0x98 Core/Src/main.o
 .text.MX_USART1_UART_Init
                0x0000000008001008       0x54 Core/Src/main.o
 .text.MX_USART2_UART_Init
                0x000000000800105c       0x54 Core/Src/main.o
 .text.MX_USART3_UART_Init
                0x00000000080010b0       0x54 Core/Src/main.o
 .text.MX_GPIO_Init
                0x0000000008001104       0x98 Core/Src/main.o
 .text.HAL_UART_RxCpltCallback
                0x000000000800119c       0xec Core/Src/main.o
                0x000000000800119c                HAL_UART_RxCpltCallback
 .text.HAL_UART_TxCpltCallback
                0x0000000008001288       0x70 Core/Src/main.o
                0x0000000008001288                HAL_UART_TxCpltCallback
 .text.StartLedTask
                0x00000000080012f8       0x20 Core/Src/main.o
                0x00000000080012f8                StartLedTask
 .text.StartDefaultTask
                0x0000000008001318       0x50 Core/Src/main.o
                0x0000000008001318                StartDefaultTask
 .text.Error_Handler
                0x0000000008001368        0xc Core/Src/main.o
                0x0000000008001368                Error_Handler
 .text.HAL_MspInit
                0x0000000008001374       0x70 Core/Src/stm32f1xx_hal_msp.o
                0x0000000008001374                HAL_MspInit
 .text.HAL_TIM_Base_MspInit
                0x00000000080013e4       0x38 Core/Src/stm32f1xx_hal_msp.o
                0x00000000080013e4                HAL_TIM_Base_MspInit
 .text.HAL_UART_MspInit
                0x000000000800141c      0x1b0 Core/Src/stm32f1xx_hal_msp.o
                0x000000000800141c                HAL_UART_MspInit
 .text.NMI_Handler
                0x00000000080015cc        0x6 Core/Src/stm32f1xx_it.o
                0x00000000080015cc                NMI_Handler
 .text.HardFault_Handler
                0x00000000080015d2        0x6 Core/Src/stm32f1xx_it.o
                0x00000000080015d2                HardFault_Handler
 .text.MemManage_Handler
                0x00000000080015d8        0x6 Core/Src/stm32f1xx_it.o
                0x00000000080015d8                MemManage_Handler
 .text.BusFault_Handler
                0x00000000080015de        0x6 Core/Src/stm32f1xx_it.o
                0x00000000080015de                BusFault_Handler
 .text.UsageFault_Handler
                0x00000000080015e4        0x6 Core/Src/stm32f1xx_it.o
                0x00000000080015e4                UsageFault_Handler
 .text.DebugMon_Handler
                0x00000000080015ea        0xc Core/Src/stm32f1xx_it.o
                0x00000000080015ea                DebugMon_Handler
 .text.SysTick_Handler
                0x00000000080015f6       0x1a Core/Src/stm32f1xx_it.o
                0x00000000080015f6                SysTick_Handler
 .text.USART1_IRQHandler
                0x0000000008001610       0x14 Core/Src/stm32f1xx_it.o
                0x0000000008001610                USART1_IRQHandler
 .text.USART2_IRQHandler
                0x0000000008001624       0x14 Core/Src/stm32f1xx_it.o
                0x0000000008001624                USART2_IRQHandler
 .text.USART3_IRQHandler
                0x0000000008001638       0x14 Core/Src/stm32f1xx_it.o
                0x0000000008001638                USART3_IRQHandler
 .text._getpid  0x000000000800164c        0xe Core/Src/syscalls.o
                0x000000000800164c                _getpid
 .text._kill    0x000000000800165a       0x20 Core/Src/syscalls.o
                0x000000000800165a                _kill
 .text._exit    0x000000000800167a       0x14 Core/Src/syscalls.o
                0x000000000800167a                _exit
 .text._read    0x000000000800168e       0x3a Core/Src/syscalls.o
                0x000000000800168e                _read
 .text._write   0x00000000080016c8       0x38 Core/Src/syscalls.o
                0x00000000080016c8                _write
 .text._close   0x0000000008001700       0x16 Core/Src/syscalls.o
                0x0000000008001700                _close
 .text._fstat   0x0000000008001716       0x1e Core/Src/syscalls.o
                0x0000000008001716                _fstat
 .text._isatty  0x0000000008001734       0x14 Core/Src/syscalls.o
                0x0000000008001734                _isatty
 .text._lseek   0x0000000008001748       0x18 Core/Src/syscalls.o
                0x0000000008001748                _lseek
 .text._sbrk    0x0000000008001760       0x6c Core/Src/sysmem.o
                0x0000000008001760                _sbrk
 .text.SystemInit
                0x00000000080017cc        0xc Core/Src/system_stm32f1xx.o
                0x00000000080017cc                SystemInit
 .text.Reset_Handler
                0x00000000080017d8       0x48 Core/Startup/startup_stm32f103c8tx.o
                0x00000000080017d8                Reset_Handler
 .text.Default_Handler
                0x0000000008001820        0x2 Core/Startup/startup_stm32f103c8tx.o
                0x0000000008001820                RTC_Alarm_IRQHandler
                0x0000000008001820                EXTI2_IRQHandler
                0x0000000008001820                TIM1_CC_IRQHandler
                0x0000000008001820                PVD_IRQHandler
                0x0000000008001820                EXTI3_IRQHandler
                0x0000000008001820                EXTI0_IRQHandler
                0x0000000008001820                I2C2_EV_IRQHandler
                0x0000000008001820                ADC1_2_IRQHandler
                0x0000000008001820                SPI1_IRQHandler
                0x0000000008001820                TAMPER_IRQHandler
                0x0000000008001820                DMA1_Channel4_IRQHandler
                0x0000000008001820                RTC_IRQHandler
                0x0000000008001820                DMA1_Channel7_IRQHandler
                0x0000000008001820                CAN1_RX1_IRQHandler
                0x0000000008001820                TIM4_IRQHandler
                0x0000000008001820                I2C1_EV_IRQHandler
                0x0000000008001820                DMA1_Channel6_IRQHandler
                0x0000000008001820                TIM3_IRQHandler
                0x0000000008001820                RCC_IRQHandler
                0x0000000008001820                TIM1_TRG_COM_IRQHandler
                0x0000000008001820                DMA1_Channel1_IRQHandler
                0x0000000008001820                Default_Handler
                0x0000000008001820                EXTI15_10_IRQHandler
                0x0000000008001820                EXTI9_5_IRQHandler
                0x0000000008001820                SPI2_IRQHandler
                0x0000000008001820                DMA1_Channel5_IRQHandler
                0x0000000008001820                EXTI4_IRQHandler
                0x0000000008001820                USB_LP_CAN1_RX0_IRQHandler
                0x0000000008001820                USB_HP_CAN1_TX_IRQHandler
                0x0000000008001820                DMA1_Channel3_IRQHandler
                0x0000000008001820                TIM1_UP_IRQHandler
                0x0000000008001820                WWDG_IRQHandler
                0x0000000008001820                TIM2_IRQHandler
                0x0000000008001820                TIM1_BRK_IRQHandler
                0x0000000008001820                EXTI1_IRQHandler
                0x0000000008001820                I2C2_ER_IRQHandler
                0x0000000008001820                DMA1_Channel2_IRQHandler
                0x0000000008001820                CAN1_SCE_IRQHandler
                0x0000000008001820                FLASH_IRQHandler
                0x0000000008001820                I2C1_ER_IRQHandler
                0x0000000008001820                USBWakeUp_IRQHandler
 *fill*         0x0000000008001822        0x2 
 .text.HAL_Init
                0x0000000008001824       0x2c Drivers/STM32F1xx_HAL_Driver/Src/stm32f1xx_hal.o
                0x0000000008001824                HAL_Init
 .text.HAL_InitTick
                0x0000000008001850       0x60 Drivers/STM32F1xx_HAL_Driver/Src/stm32f1xx_hal.o
                0x0000000008001850                HAL_InitTick
 .text.HAL_IncTick
                0x00000000080018b0       0x24 Drivers/STM32F1xx_HAL_Driver/Src/stm32f1xx_hal.o
                0x00000000080018b0                HAL_IncTick
 .text.HAL_GetTick
                0x00000000080018d4       0x14 Drivers/STM32F1xx_HAL_Driver/Src/stm32f1xx_hal.o
                0x00000000080018d4                HAL_GetTick
 .text.__NVIC_SetPriorityGrouping
                0x00000000080018e8       0x48 Drivers/STM32F1xx_HAL_Driver/Src/stm32f1xx_hal_cortex.o
 .text.__NVIC_GetPriorityGrouping
                0x0000000008001930       0x1c Drivers/STM32F1xx_HAL_Driver/Src/stm32f1xx_hal_cortex.o
 .text.__NVIC_EnableIRQ
                0x000000000800194c       0x38 Drivers/STM32F1xx_HAL_Driver/Src/stm32f1xx_hal_cortex.o
 .text.__NVIC_SetPriority
                0x0000000008001984       0x54 Drivers/STM32F1xx_HAL_Driver/Src/stm32f1xx_hal_cortex.o
 .text.NVIC_EncodePriority
                0x00000000080019d8       0x64 Drivers/STM32F1xx_HAL_Driver/Src/stm32f1xx_hal_cortex.o
 .text.SysTick_Config
                0x0000000008001a3c       0x44 Drivers/STM32F1xx_HAL_Driver/Src/stm32f1xx_hal_cortex.o
 .text.HAL_NVIC_SetPriorityGrouping
                0x0000000008001a80       0x16 Drivers/STM32F1xx_HAL_Driver/Src/stm32f1xx_hal_cortex.o
                0x0000000008001a80                HAL_NVIC_SetPriorityGrouping
 .text.HAL_NVIC_SetPriority
                0x0000000008001a96       0x38 Drivers/STM32F1xx_HAL_Driver/Src/stm32f1xx_hal_cortex.o
                0x0000000008001a96                HAL_NVIC_SetPriority
 .text.HAL_NVIC_EnableIRQ
                0x0000000008001ace       0x1c Drivers/STM32F1xx_HAL_Driver/Src/stm32f1xx_hal_cortex.o
                0x0000000008001ace                HAL_NVIC_EnableIRQ
 .text.HAL_SYSTICK_Config
                0x0000000008001aea       0x18 Drivers/STM32F1xx_HAL_Driver/Src/stm32f1xx_hal_cortex.o
                0x0000000008001aea                HAL_SYSTICK_Config
 *fill*         0x0000000008001b02        0x2 
 .text.HAL_DMA_Abort_IT
                0x0000000008001b04       0xec Drivers/STM32F1xx_HAL_Driver/Src/stm32f1xx_hal_dma.o
                0x0000000008001b04                HAL_DMA_Abort_IT
 .text.HAL_GPIO_Init
                0x0000000008001bf0      0x308 Drivers/STM32F1xx_HAL_Driver/Src/stm32f1xx_hal_gpio.o
                0x0000000008001bf0                HAL_GPIO_Init
 .text.HAL_GPIO_WritePin
                0x0000000008001ef8       0x30 Drivers/STM32F1xx_HAL_Driver/Src/stm32f1xx_hal_gpio.o
                0x0000000008001ef8                HAL_GPIO_WritePin
 .text.HAL_GPIO_TogglePin
                0x0000000008001f28       0x32 Drivers/STM32F1xx_HAL_Driver/Src/stm32f1xx_hal_gpio.o
                0x0000000008001f28                HAL_GPIO_TogglePin
 *fill*         0x0000000008001f5a        0x2 
 .text.HAL_RCC_OscConfig
                0x0000000008001f5c      0x500 Drivers/STM32F1xx_HAL_Driver/Src/stm32f1xx_hal_rcc.o
                0x0000000008001f5c                HAL_RCC_OscConfig
 .text.HAL_RCC_ClockConfig
                0x000000000800245c      0x1d4 Drivers/STM32F1xx_HAL_Driver/Src/stm32f1xx_hal_rcc.o
                0x000000000800245c                HAL_RCC_ClockConfig
 .text.HAL_RCC_GetSysClockFreq
                0x0000000008002630       0xc0 Drivers/STM32F1xx_HAL_Driver/Src/stm32f1xx_hal_rcc.o
                0x0000000008002630                HAL_RCC_GetSysClockFreq
 .text.HAL_RCC_GetHCLKFreq
                0x00000000080026f0       0x14 Drivers/STM32F1xx_HAL_Driver/Src/stm32f1xx_hal_rcc.o
                0x00000000080026f0                HAL_RCC_GetHCLKFreq
 .text.HAL_RCC_GetPCLK1Freq
                0x0000000008002704       0x28 Drivers/STM32F1xx_HAL_Driver/Src/stm32f1xx_hal_rcc.o
                0x0000000008002704                HAL_RCC_GetPCLK1Freq
 .text.HAL_RCC_GetPCLK2Freq
                0x000000000800272c       0x28 Drivers/STM32F1xx_HAL_Driver/Src/stm32f1xx_hal_rcc.o
                0x000000000800272c                HAL_RCC_GetPCLK2Freq
 .text.RCC_Delay
                0x0000000008002754       0x3c Drivers/STM32F1xx_HAL_Driver/Src/stm32f1xx_hal_rcc.o
 .text.HAL_TIM_Base_Init
                0x0000000008002790       0x9e Drivers/STM32F1xx_HAL_Driver/Src/stm32f1xx_hal_tim.o
                0x0000000008002790                HAL_TIM_Base_Init
 .text.HAL_TIM_ConfigClockSource
                0x000000000800282e      0x188 Drivers/STM32F1xx_HAL_Driver/Src/stm32f1xx_hal_tim.o
                0x000000000800282e                HAL_TIM_ConfigClockSource
 *fill*         0x00000000080029b6        0x2 
 .text.TIM_Base_SetConfig
                0x00000000080029b8       0xc4 Drivers/STM32F1xx_HAL_Driver/Src/stm32f1xx_hal_tim.o
                0x00000000080029b8                TIM_Base_SetConfig
 .text.TIM_TI1_ConfigInputStage
                0x0000000008002a7c       0x5c Drivers/STM32F1xx_HAL_Driver/Src/stm32f1xx_hal_tim.o
 .text.TIM_TI2_ConfigInputStage
                0x0000000008002ad8       0x5e Drivers/STM32F1xx_HAL_Driver/Src/stm32f1xx_hal_tim.o
 .text.TIM_ITRx_SetConfig
                0x0000000008002b36       0x34 Drivers/STM32F1xx_HAL_Driver/Src/stm32f1xx_hal_tim.o
 .text.TIM_ETR_SetConfig
                0x0000000008002b6a       0x3e Drivers/STM32F1xx_HAL_Driver/Src/stm32f1xx_hal_tim.o
                0x0000000008002b6a                TIM_ETR_SetConfig
 .text.HAL_TIMEx_MasterConfigSynchronization
                0x0000000008002ba8       0xbc Drivers/STM32F1xx_HAL_Driver/Src/stm32f1xx_hal_tim_ex.o
                0x0000000008002ba8                HAL_TIMEx_MasterConfigSynchronization
 .text.HAL_UART_Init
                0x0000000008002c64       0x9a Drivers/STM32F1xx_HAL_Driver/Src/stm32f1xx_hal_uart.o
                0x0000000008002c64                HAL_UART_Init
 .text.HAL_UART_Transmit_IT
                0x0000000008002cfe       0x88 Drivers/STM32F1xx_HAL_Driver/Src/stm32f1xx_hal_uart.o
                0x0000000008002cfe                HAL_UART_Transmit_IT
 .text.HAL_UART_Receive_IT
                0x0000000008002d86       0xa8 Drivers/STM32F1xx_HAL_Driver/Src/stm32f1xx_hal_uart.o
                0x0000000008002d86                HAL_UART_Receive_IT
 *fill*         0x0000000008002e2e        0x2 
 .text.HAL_UART_IRQHandler
                0x0000000008002e30      0x200 Drivers/STM32F1xx_HAL_Driver/Src/stm32f1xx_hal_uart.o
                0x0000000008002e30                HAL_UART_IRQHandler
 .text.HAL_UART_ErrorCallback
                0x0000000008003030       0x12 Drivers/STM32F1xx_HAL_Driver/Src/stm32f1xx_hal_uart.o
                0x0000000008003030                HAL_UART_ErrorCallback
 .text.UART_EndRxTransfer
                0x0000000008003042       0x3a Drivers/STM32F1xx_HAL_Driver/Src/stm32f1xx_hal_uart.o
 .text.UART_DMAAbortOnError
                0x000000000800307c       0x28 Drivers/STM32F1xx_HAL_Driver/Src/stm32f1xx_hal_uart.o
 .text.UART_Transmit_IT
                0x00000000080030a4       0x9e Drivers/STM32F1xx_HAL_Driver/Src/stm32f1xx_hal_uart.o
 .text.UART_EndTransmit_IT
                0x0000000008003142       0x30 Drivers/STM32F1xx_HAL_Driver/Src/stm32f1xx_hal_uart.o
 .text.UART_Receive_IT
                0x0000000008003172      0x100 Drivers/STM32F1xx_HAL_Driver/Src/stm32f1xx_hal_uart.o
 *fill*         0x0000000008003272        0x2 
 .text.UART_SetConfig
                0x0000000008003274      0x11c Drivers/STM32F1xx_HAL_Driver/Src/stm32f1xx_hal_uart.o
 .text.makeFreeRtosPriority
                0x0000000008003390       0x2e Middlewares/Third_Party/FreeRTOS/Source/CMSIS_RTOS/cmsis_os.o
 .text.osKernelStart
                0x00000000080033be        0xe Middlewares/Third_Party/FreeRTOS/Source/CMSIS_RTOS/cmsis_os.o
                0x00000000080033be                osKernelStart
 .text.osThreadCreate
                0x00000000080033cc       0x98 Middlewares/Third_Party/FreeRTOS/Source/CMSIS_RTOS/cmsis_os.o
                0x00000000080033cc                osThreadCreate
 .text.osDelay  0x0000000008003464       0x28 Middlewares/Third_Party/FreeRTOS/Source/CMSIS_RTOS/cmsis_os.o
                0x0000000008003464                osDelay
 .text.vListInitialise
                0x000000000800348c       0x3e Middlewares/Third_Party/FreeRTOS/Source/list.o
                0x000000000800348c                vListInitialise
 .text.vListInitialiseItem
                0x00000000080034ca       0x18 Middlewares/Third_Party/FreeRTOS/Source/list.o
                0x00000000080034ca                vListInitialiseItem
 .text.vListInsertEnd
                0x00000000080034e2       0x46 Middlewares/Third_Party/FreeRTOS/Source/list.o
                0x00000000080034e2                vListInsertEnd
 .text.vListInsert
                0x0000000008003528       0x70 Middlewares/Third_Party/FreeRTOS/Source/list.o
                0x0000000008003528                vListInsert
 .text.uxListRemove
                0x0000000008003598       0x52 Middlewares/Third_Party/FreeRTOS/Source/list.o
                0x0000000008003598                uxListRemove
 .text.xTaskCreateStatic
                0x00000000080035ea       0xb8 Middlewares/Third_Party/FreeRTOS/Source/tasks.o
                0x00000000080035ea                xTaskCreateStatic
 .text.xTaskCreate
                0x00000000080036a2       0x8a Middlewares/Third_Party/FreeRTOS/Source/tasks.o
                0x00000000080036a2                xTaskCreate
 .text.prvInitialiseNewTask
                0x000000000800372c       0xfe Middlewares/Third_Party/FreeRTOS/Source/tasks.o
 *fill*         0x000000000800382a        0x2 
 .text.prvAddNewTaskToReadyList
                0x000000000800382c       0xd4 Middlewares/Third_Party/FreeRTOS/Source/tasks.o
 .text.vTaskDelay
                0x0000000008003900       0x68 Middlewares/Third_Party/FreeRTOS/Source/tasks.o
                0x0000000008003900                vTaskDelay
 .text.vTaskStartScheduler
                0x0000000008003968       0xc0 Middlewares/Third_Party/FreeRTOS/Source/tasks.o
                0x0000000008003968                vTaskStartScheduler
 .text.vTaskSuspendAll
                0x0000000008003a28       0x1c Middlewares/Third_Party/FreeRTOS/Source/tasks.o
                0x0000000008003a28                vTaskSuspendAll
 .text.xTaskResumeAll
                0x0000000008003a44      0x138 Middlewares/Third_Party/FreeRTOS/Source/tasks.o
                0x0000000008003a44                xTaskResumeAll
 .text.xTaskIncrementTick
                0x0000000008003b7c      0x17c Middlewares/Third_Party/FreeRTOS/Source/tasks.o
                0x0000000008003b7c                xTaskIncrementTick
 .text.vTaskSwitchContext
                0x0000000008003cf8       0xb4 Middlewares/Third_Party/FreeRTOS/Source/tasks.o
                0x0000000008003cf8                vTaskSwitchContext
 .text.prvIdleTask
                0x0000000008003dac       0x30 Middlewares/Third_Party/FreeRTOS/Source/tasks.o
 .text.prvInitialiseTaskLists
                0x0000000008003ddc       0x80 Middlewares/Third_Party/FreeRTOS/Source/tasks.o
 .text.prvCheckTasksWaitingTermination
                0x0000000008003e5c       0x5c Middlewares/Third_Party/FreeRTOS/Source/tasks.o
 .text.prvDeleteTCB
                0x0000000008003eb8       0x5e Middlewares/Third_Party/FreeRTOS/Source/tasks.o
 *fill*         0x0000000008003f16        0x2 
 .text.prvResetNextTaskUnblockTime
                0x0000000008003f18       0x48 Middlewares/Third_Party/FreeRTOS/Source/tasks.o
 .text.xTaskGetSchedulerState
                0x0000000008003f60       0x3c Middlewares/Third_Party/FreeRTOS/Source/tasks.o
                0x0000000008003f60                xTaskGetSchedulerState
 .text.prvAddCurrentTaskToDelayedList
                0x0000000008003f9c       0xcc Middlewares/Third_Party/FreeRTOS/Source/tasks.o
 .text.pxPortInitialiseStack
                0x0000000008004068       0x58 Middlewares/Third_Party/FreeRTOS/Source/portable/GCC/ARM_CM3/port.o
                0x0000000008004068                pxPortInitialiseStack
 .text.prvTaskExitError
                0x00000000080040c0       0x58 Middlewares/Third_Party/FreeRTOS/Source/portable/GCC/ARM_CM3/port.o
 *fill*         0x0000000008004118        0x8 
 .text.SVC_Handler
                0x0000000008004120       0x28 Middlewares/Third_Party/FreeRTOS/Source/portable/GCC/ARM_CM3/port.o
                0x0000000008004120                SVC_Handler
 .text.prvPortStartFirstTask
                0x0000000008004148       0x20 Middlewares/Third_Party/FreeRTOS/Source/portable/GCC/ARM_CM3/port.o
 .text.xPortStartScheduler
                0x0000000008004168       0xe4 Middlewares/Third_Party/FreeRTOS/Source/portable/GCC/ARM_CM3/port.o
                0x0000000008004168                xPortStartScheduler
 .text.vPortEnterCritical
                0x000000000800424c       0x60 Middlewares/Third_Party/FreeRTOS/Source/portable/GCC/ARM_CM3/port.o
                0x000000000800424c                vPortEnterCritical
 .text.vPortExitCritical
                0x00000000080042ac       0x50 Middlewares/Third_Party/FreeRTOS/Source/portable/GCC/ARM_CM3/port.o
                0x00000000080042ac                vPortExitCritical
 *fill*         0x00000000080042fc        0x4 
 .text.PendSV_Handler
                0x0000000008004300       0x48 Middlewares/Third_Party/FreeRTOS/Source/portable/GCC/ARM_CM3/port.o
                0x0000000008004300                PendSV_Handler
 .text.xPortSysTickHandler
                0x0000000008004348       0x44 Middlewares/Third_Party/FreeRTOS/Source/portable/GCC/ARM_CM3/port.o
                0x0000000008004348                xPortSysTickHandler
 .text.vPortSetupTimerInterrupt
                0x000000000800438c       0x44 Middlewares/Third_Party/FreeRTOS/Source/portable/GCC/ARM_CM3/port.o
                0x000000000800438c                vPortSetupTimerInterrupt
 .text.pvPortMalloc
                0x00000000080043d0      0x188 Middlewares/Third_Party/FreeRTOS/Source/portable/MemMang/heap_4.o
                0x00000000080043d0                pvPortMalloc
 .text.vPortFree
                0x0000000008004558       0xb4 Middlewares/Third_Party/FreeRTOS/Source/portable/MemMang/heap_4.o
                0x0000000008004558                vPortFree
 .text.prvHeapInit
                0x000000000800460c       0xc4 Middlewares/Third_Party/FreeRTOS/Source/portable/MemMang/heap_4.o
 .text.prvInsertBlockIntoFreeList
                0x00000000080046d0       0xb0 Middlewares/Third_Party/FreeRTOS/Source/portable/MemMang/heap_4.o
 .text.GPRMS_Analyze
                0x0000000008004780       0x70 software/UART_handler/UART_handler.o
                0x0000000008004780                GPRMS_Analyze
 .text.coordinates_packet
                0x00000000080047f0      0x1bc software/UART_handler/UART_handler.o
                0x00000000080047f0                coordinates_packet
 .text.calc_checksum
                0x00000000080049ac       0x3e software/UART_handler/UART_handler.o
                0x00000000080049ac                calc_checksum
 *fill*         0x00000000080049ea        0x2 
 .text.__errno  0x00000000080049ec        0xc /opt/st/stm32cubeide_1.6.0/plugins/com.st.stm32cube.ide.mcu.externaltools.gnu-tools-for-stm32.9-2020-q2-update.linux64_1.5.0.202011040924/tools/bin/../lib/gcc/arm-none-eabi/9.3.1/../../../../arm-none-eabi/lib/thumb/v7-m/nofp/libc_nano.a(lib_a-errno.o)
                0x00000000080049ec                __errno
 .text.__libc_init_array
                0x00000000080049f8       0x48 /opt/st/stm32cubeide_1.6.0/plugins/com.st.stm32cube.ide.mcu.externaltools.gnu-tools-for-stm32.9-2020-q2-update.linux64_1.5.0.202011040924/tools/bin/../lib/gcc/arm-none-eabi/9.3.1/../../../../arm-none-eabi/lib/thumb/v7-m/nofp/libc_nano.a(lib_a-init.o)
                0x00000000080049f8                __libc_init_array
 .text.memcpy   0x0000000008004a40       0x1c /opt/st/stm32cubeide_1.6.0/plugins/com.st.stm32cube.ide.mcu.externaltools.gnu-tools-for-stm32.9-2020-q2-update.linux64_1.5.0.202011040924/tools/bin/../lib/gcc/arm-none-eabi/9.3.1/../../../../arm-none-eabi/lib/thumb/v7-m/nofp/libc_nano.a(lib_a-memcpy-stub.o)
                0x0000000008004a40                memcpy
 .text.memset   0x0000000008004a5c       0x10 /opt/st/stm32cubeide_1.6.0/plugins/com.st.stm32cube.ide.mcu.externaltools.gnu-tools-for-stm32.9-2020-q2-update.linux64_1.5.0.202011040924/tools/bin/../lib/gcc/arm-none-eabi/9.3.1/../../../../arm-none-eabi/lib/thumb/v7-m/nofp/libc_nano.a(lib_a-memset.o)
                0x0000000008004a5c                memset
 .text.__cvt    0x0000000008004a6c       0xbe /opt/st/stm32cubeide_1.6.0/plugins/com.st.stm32cube.ide.mcu.externaltools.gnu-tools-for-stm32.9-2020-q2-update.linux64_1.5.0.202011040924/tools/bin/../lib/gcc/arm-none-eabi/9.3.1/../../../../arm-none-eabi/lib/thumb/v7-m/nofp/libc_nano.a(lib_a-nano-vfprintf_float.o)
                0x0000000008004a6c                __cvt
 .text.__exponent
                0x0000000008004b2a       0x7c /opt/st/stm32cubeide_1.6.0/plugins/com.st.stm32cube.ide.mcu.externaltools.gnu-tools-for-stm32.9-2020-q2-update.linux64_1.5.0.202011040924/tools/bin/../lib/gcc/arm-none-eabi/9.3.1/../../../../arm-none-eabi/lib/thumb/v7-m/nofp/libc_nano.a(lib_a-nano-vfprintf_float.o)
                0x0000000008004b2a                __exponent
 *fill*         0x0000000008004ba6        0x2 
 .text._printf_float
                0x0000000008004ba8      0x458 /opt/st/stm32cubeide_1.6.0/plugins/com.st.stm32cube.ide.mcu.externaltools.gnu-tools-for-stm32.9-2020-q2-update.linux64_1.5.0.202011040924/tools/bin/../lib/gcc/arm-none-eabi/9.3.1/../../../../arm-none-eabi/lib/thumb/v7-m/nofp/libc_nano.a(lib_a-nano-vfprintf_float.o)
                0x0000000008004ba8                _printf_float
 .text._printf_common
                0x0000000008005000       0xde /opt/st/stm32cubeide_1.6.0/plugins/com.st.stm32cube.ide.mcu.externaltools.gnu-tools-for-stm32.9-2020-q2-update.linux64_1.5.0.202011040924/tools/bin/../lib/gcc/arm-none-eabi/9.3.1/../../../../arm-none-eabi/lib/thumb/v7-m/nofp/libc_nano.a(lib_a-nano-vfprintf_i.o)
                0x0000000008005000                _printf_common
 *fill*         0x00000000080050de        0x2 
 .text._printf_i
                0x00000000080050e0      0x24c /opt/st/stm32cubeide_1.6.0/plugins/com.st.stm32cube.ide.mcu.externaltools.gnu-tools-for-stm32.9-2020-q2-update.linux64_1.5.0.202011040924/tools/bin/../lib/gcc/arm-none-eabi/9.3.1/../../../../arm-none-eabi/lib/thumb/v7-m/nofp/libc_nano.a(lib_a-nano-vfprintf_i.o)
                0x00000000080050e0                _printf_i
 .text._scanf_float
                0x000000000800532c      0x424 /opt/st/stm32cubeide_1.6.0/plugins/com.st.stm32cube.ide.mcu.externaltools.gnu-tools-for-stm32.9-2020-q2-update.linux64_1.5.0.202011040924/tools/bin/../lib/gcc/arm-none-eabi/9.3.1/../../../../arm-none-eabi/lib/thumb/v7-m/nofp/libc_nano.a(lib_a-nano-vfscanf_float.o)
                0x000000000800532c                _scanf_float
 .text.nanf     0x0000000008005750        0x8 /opt/st/stm32cubeide_1.6.0/plugins/com.st.stm32cube.ide.mcu.externaltools.gnu-tools-for-stm32.9-2020-q2-update.linux64_1.5.0.202011040924/tools/bin/../lib/gcc/arm-none-eabi/9.3.1/../../../../arm-none-eabi/lib/thumb/v7-m/nofp/libc_nano.a(lib_a-sf_nan.o)
                0x0000000008005750                nanf
 .text.sprintf  0x0000000008005758       0x40 /opt/st/stm32cubeide_1.6.0/plugins/com.st.stm32cube.ide.mcu.externaltools.gnu-tools-for-stm32.9-2020-q2-update.linux64_1.5.0.202011040924/tools/bin/../lib/gcc/arm-none-eabi/9.3.1/../../../../arm-none-eabi/lib/thumb/v7-m/nofp/libc_nano.a(lib_a-sprintf.o)
                0x0000000008005758                sprintf
                0x0000000008005758                siprintf
 .text.sscanf   0x0000000008005798       0x54 /opt/st/stm32cubeide_1.6.0/plugins/com.st.stm32cube.ide.mcu.externaltools.gnu-tools-for-stm32.9-2020-q2-update.linux64_1.5.0.202011040924/tools/bin/../lib/gcc/arm-none-eabi/9.3.1/../../../../arm-none-eabi/lib/thumb/v7-m/nofp/libc_nano.a(lib_a-sscanf.o)
                0x0000000008005798                sscanf
                0x0000000008005798                siscanf
 .text.__sread  0x00000000080057ec       0x22 /opt/st/stm32cubeide_1.6.0/plugins/com.st.stm32cube.ide.mcu.externaltools.gnu-tools-for-stm32.9-2020-q2-update.linux64_1.5.0.202011040924/tools/bin/../lib/gcc/arm-none-eabi/9.3.1/../../../../arm-none-eabi/lib/thumb/v7-m/nofp/libc_nano.a(lib_a-stdio.o)
                0x00000000080057ec                __sread
 .text.__seofread
                0x000000000800580e        0x4 /opt/st/stm32cubeide_1.6.0/plugins/com.st.stm32cube.ide.mcu.externaltools.gnu-tools-for-stm32.9-2020-q2-update.linux64_1.5.0.202011040924/tools/bin/../lib/gcc/arm-none-eabi/9.3.1/../../../../arm-none-eabi/lib/thumb/v7-m/nofp/libc_nano.a(lib_a-stdio.o)
                0x000000000800580e                __seofread
 .text.__swrite
                0x0000000008005812       0x38 /opt/st/stm32cubeide_1.6.0/plugins/com.st.stm32cube.ide.mcu.externaltools.gnu-tools-for-stm32.9-2020-q2-update.linux64_1.5.0.202011040924/tools/bin/../lib/gcc/arm-none-eabi/9.3.1/../../../../arm-none-eabi/lib/thumb/v7-m/nofp/libc_nano.a(lib_a-stdio.o)
                0x0000000008005812                __swrite
 .text.__sseek  0x000000000800584a       0x24 /opt/st/stm32cubeide_1.6.0/plugins/com.st.stm32cube.ide.mcu.externaltools.gnu-tools-for-stm32.9-2020-q2-update.linux64_1.5.0.202011040924/tools/bin/../lib/gcc/arm-none-eabi/9.3.1/../../../../arm-none-eabi/lib/thumb/v7-m/nofp/libc_nano.a(lib_a-stdio.o)
                0x000000000800584a                __sseek
 .text.__sclose
                0x000000000800586e        0x8 /opt/st/stm32cubeide_1.6.0/plugins/com.st.stm32cube.ide.mcu.externaltools.gnu-tools-for-stm32.9-2020-q2-update.linux64_1.5.0.202011040924/tools/bin/../lib/gcc/arm-none-eabi/9.3.1/../../../../arm-none-eabi/lib/thumb/v7-m/nofp/libc_nano.a(lib_a-stdio.o)
                0x000000000800586e                __sclose
 .text.sulp     0x0000000008005876       0x42 /opt/st/stm32cubeide_1.6.0/plugins/com.st.stm32cube.ide.mcu.externaltools.gnu-tools-for-stm32.9-2020-q2-update.linux64_1.5.0.202011040924/tools/bin/../lib/gcc/arm-none-eabi/9.3.1/../../../../arm-none-eabi/lib/thumb/v7-m/nofp/libc_nano.a(lib_a-strtod.o)
 .text._strtod_l
                0x00000000080058b8      0xbe8 /opt/st/stm32cubeide_1.6.0/plugins/com.st.stm32cube.ide.mcu.externaltools.gnu-tools-for-stm32.9-2020-q2-update.linux64_1.5.0.202011040924/tools/bin/../lib/gcc/arm-none-eabi/9.3.1/../../../../arm-none-eabi/lib/thumb/v7-m/nofp/libc_nano.a(lib_a-strtod.o)
                0x00000000080058b8                _strtod_l
 .text._strtod_r
                0x00000000080064a0        0xc /opt/st/stm32cubeide_1.6.0/plugins/com.st.stm32cube.ide.mcu.externaltools.gnu-tools-for-stm32.9-2020-q2-update.linux64_1.5.0.202011040924/tools/bin/../lib/gcc/arm-none-eabi/9.3.1/../../../../arm-none-eabi/lib/thumb/v7-m/nofp/libc_nano.a(lib_a-strtod.o)
                0x00000000080064a0                _strtod_r
 .text._strtol_l.isra.0
                0x00000000080064ac      0x10c /opt/st/stm32cubeide_1.6.0/plugins/com.st.stm32cube.ide.mcu.externaltools.gnu-tools-for-stm32.9-2020-q2-update.linux64_1.5.0.202011040924/tools/bin/../lib/gcc/arm-none-eabi/9.3.1/../../../../arm-none-eabi/lib/thumb/v7-m/nofp/libc_nano.a(lib_a-strtol.o)
 .text._strtol_r
                0x00000000080065b8        0x4 /opt/st/stm32cubeide_1.6.0/plugins/com.st.stm32cube.ide.mcu.externaltools.gnu-tools-for-stm32.9-2020-q2-update.linux64_1.5.0.202011040924/tools/bin/../lib/gcc/arm-none-eabi/9.3.1/../../../../arm-none-eabi/lib/thumb/v7-m/nofp/libc_nano.a(lib_a-strtol.o)
                0x00000000080065b8                _strtol_r
 .text._write_r
                0x00000000080065bc       0x24 /opt/st/stm32cubeide_1.6.0/plugins/com.st.stm32cube.ide.mcu.externaltools.gnu-tools-for-stm32.9-2020-q2-update.linux64_1.5.0.202011040924/tools/bin/../lib/gcc/arm-none-eabi/9.3.1/../../../../arm-none-eabi/lib/thumb/v7-m/nofp/libc_nano.a(lib_a-writer.o)
                0x00000000080065bc                _write_r
 .text._close_r
                0x00000000080065e0       0x20 /opt/st/stm32cubeide_1.6.0/plugins/com.st.stm32cube.ide.mcu.externaltools.gnu-tools-for-stm32.9-2020-q2-update.linux64_1.5.0.202011040924/tools/bin/../lib/gcc/arm-none-eabi/9.3.1/../../../../arm-none-eabi/lib/thumb/v7-m/nofp/libc_nano.a(lib_a-closer.o)
                0x00000000080065e0                _close_r
 .text.quorem   0x0000000008006600      0x11a /opt/st/stm32cubeide_1.6.0/plugins/com.st.stm32cube.ide.mcu.externaltools.gnu-tools-for-stm32.9-2020-q2-update.linux64_1.5.0.202011040924/tools/bin/../lib/gcc/arm-none-eabi/9.3.1/../../../../arm-none-eabi/lib/thumb/v7-m/nofp/libc_nano.a(lib_a-dtoa.o)
 *fill*         0x000000000800671a        0x6 
 .text._dtoa_r  0x0000000008006720      0xbdc /opt/st/stm32cubeide_1.6.0/plugins/com.st.stm32cube.ide.mcu.externaltools.gnu-tools-for-stm32.9-2020-q2-update.linux64_1.5.0.202011040924/tools/bin/../lib/gcc/arm-none-eabi/9.3.1/../../../../arm-none-eabi/lib/thumb/v7-m/nofp/libc_nano.a(lib_a-dtoa.o)
                0x0000000008006720                _dtoa_r
 .text.rshift   0x00000000080072fc       0xa6 /opt/st/stm32cubeide_1.6.0/plugins/com.st.stm32cube.ide.mcu.externaltools.gnu-tools-for-stm32.9-2020-q2-update.linux64_1.5.0.202011040924/tools/bin/../lib/gcc/arm-none-eabi/9.3.1/../../../../arm-none-eabi/lib/thumb/v7-m/nofp/libc_nano.a(lib_a-gdtoa-gethex.o)
 .text.__hexdig_fun
                0x00000000080073a2       0x2a /opt/st/stm32cubeide_1.6.0/plugins/com.st.stm32cube.ide.mcu.externaltools.gnu-tools-for-stm32.9-2020-q2-update.linux64_1.5.0.202011040924/tools/bin/../lib/gcc/arm-none-eabi/9.3.1/../../../../arm-none-eabi/lib/thumb/v7-m/nofp/libc_nano.a(lib_a-gdtoa-gethex.o)
                0x00000000080073a2                __hexdig_fun
 .text.__gethex
                0x00000000080073cc      0x478 /opt/st/stm32cubeide_1.6.0/plugins/com.st.stm32cube.ide.mcu.externaltools.gnu-tools-for-stm32.9-2020-q2-update.linux64_1.5.0.202011040924/tools/bin/../lib/gcc/arm-none-eabi/9.3.1/../../../../arm-none-eabi/lib/thumb/v7-m/nofp/libc_nano.a(lib_a-gdtoa-gethex.o)
                0x00000000080073cc                __gethex
 .text.L_shift  0x0000000008007844       0x24 /opt/st/stm32cubeide_1.6.0/plugins/com.st.stm32cube.ide.mcu.externaltools.gnu-tools-for-stm32.9-2020-q2-update.linux64_1.5.0.202011040924/tools/bin/../lib/gcc/arm-none-eabi/9.3.1/../../../../arm-none-eabi/lib/thumb/v7-m/nofp/libc_nano.a(lib_a-gdtoa-hexnan.o)
 .text.__match  0x0000000008007868       0x28 /opt/st/stm32cubeide_1.6.0/plugins/com.st.stm32cube.ide.mcu.externaltools.gnu-tools-for-stm32.9-2020-q2-update.linux64_1.5.0.202011040924/tools/bin/../lib/gcc/arm-none-eabi/9.3.1/../../../../arm-none-eabi/lib/thumb/v7-m/nofp/libc_nano.a(lib_a-gdtoa-hexnan.o)
                0x0000000008007868                __match
 .text.__hexnan
                0x0000000008007890      0x138 /opt/st/stm32cubeide_1.6.0/plugins/com.st.stm32cube.ide.mcu.externaltools.gnu-tools-for-stm32.9-2020-q2-update.linux64_1.5.0.202011040924/tools/bin/../lib/gcc/arm-none-eabi/9.3.1/../../../../arm-none-eabi/lib/thumb/v7-m/nofp/libc_nano.a(lib_a-gdtoa-hexnan.o)
                0x0000000008007890                __hexnan
 .text._localeconv_r
                0x00000000080079c8        0x8 /opt/st/stm32cubeide_1.6.0/plugins/com.st.stm32cube.ide.mcu.externaltools.gnu-tools-for-stm32.9-2020-q2-update.linux64_1.5.0.202011040924/tools/bin/../lib/gcc/arm-none-eabi/9.3.1/../../../../arm-none-eabi/lib/thumb/v7-m/nofp/libc_nano.a(lib_a-localeconv.o)
                0x00000000080079c8                _localeconv_r
 .text._lseek_r
                0x00000000080079d0       0x24 /opt/st/stm32cubeide_1.6.0/plugins/com.st.stm32cube.ide.mcu.externaltools.gnu-tools-for-stm32.9-2020-q2-update.linux64_1.5.0.202011040924/tools/bin/../lib/gcc/arm-none-eabi/9.3.1/../../../../arm-none-eabi/lib/thumb/v7-m/nofp/libc_nano.a(lib_a-lseekr.o)
                0x00000000080079d0                _lseek_r
 .text.malloc   0x00000000080079f4       0x10 /opt/st/stm32cubeide_1.6.0/plugins/com.st.stm32cube.ide.mcu.externaltools.gnu-tools-for-stm32.9-2020-q2-update.linux64_1.5.0.202011040924/tools/bin/../lib/gcc/arm-none-eabi/9.3.1/../../../../arm-none-eabi/lib/thumb/v7-m/nofp/libc_nano.a(lib_a-malloc.o)
                0x00000000080079f4                malloc
 .text.__ascii_mbtowc
                0x0000000008007a04       0x24 /opt/st/stm32cubeide_1.6.0/plugins/com.st.stm32cube.ide.mcu.externaltools.gnu-tools-for-stm32.9-2020-q2-update.linux64_1.5.0.202011040924/tools/bin/../lib/gcc/arm-none-eabi/9.3.1/../../../../arm-none-eabi/lib/thumb/v7-m/nofp/libc_nano.a(lib_a-mbtowc_r.o)
                0x0000000008007a04                __ascii_mbtowc
 .text.memchr   0x0000000008007a28       0x1c /opt/st/stm32cubeide_1.6.0/plugins/com.st.stm32cube.ide.mcu.externaltools.gnu-tools-for-stm32.9-2020-q2-update.linux64_1.5.0.202011040924/tools/bin/../lib/gcc/arm-none-eabi/9.3.1/../../../../arm-none-eabi/lib/thumb/v7-m/nofp/libc_nano.a(lib_a-memchr-stub.o)
                0x0000000008007a28                memchr
 .text._Balloc  0x0000000008007a44       0x80 /opt/st/stm32cubeide_1.6.0/plugins/com.st.stm32cube.ide.mcu.externaltools.gnu-tools-for-stm32.9-2020-q2-update.linux64_1.5.0.202011040924/tools/bin/../lib/gcc/arm-none-eabi/9.3.1/../../../../arm-none-eabi/lib/thumb/v7-m/nofp/libc_nano.a(lib_a-mprec.o)
                0x0000000008007a44                _Balloc
 .text._Bfree   0x0000000008007ac4       0x44 /opt/st/stm32cubeide_1.6.0/plugins/com.st.stm32cube.ide.mcu.externaltools.gnu-tools-for-stm32.9-2020-q2-update.linux64_1.5.0.202011040924/tools/bin/../lib/gcc/arm-none-eabi/9.3.1/../../../../arm-none-eabi/lib/thumb/v7-m/nofp/libc_nano.a(lib_a-mprec.o)
                0x0000000008007ac4                _Bfree
 .text.__multadd
                0x0000000008007b08       0x94 /opt/st/stm32cubeide_1.6.0/plugins/com.st.stm32cube.ide.mcu.externaltools.gnu-tools-for-stm32.9-2020-q2-update.linux64_1.5.0.202011040924/tools/bin/../lib/gcc/arm-none-eabi/9.3.1/../../../../arm-none-eabi/lib/thumb/v7-m/nofp/libc_nano.a(lib_a-mprec.o)
                0x0000000008007b08                __multadd
 .text.__s2b    0x0000000008007b9c       0x94 /opt/st/stm32cubeide_1.6.0/plugins/com.st.stm32cube.ide.mcu.externaltools.gnu-tools-for-stm32.9-2020-q2-update.linux64_1.5.0.202011040924/tools/bin/../lib/gcc/arm-none-eabi/9.3.1/../../../../arm-none-eabi/lib/thumb/v7-m/nofp/libc_nano.a(lib_a-mprec.o)
                0x0000000008007b9c                __s2b
 .text.__hi0bits
                0x0000000008007c30       0x40 /opt/st/stm32cubeide_1.6.0/plugins/com.st.stm32cube.ide.mcu.externaltools.gnu-tools-for-stm32.9-2020-q2-update.linux64_1.5.0.202011040924/tools/bin/../lib/gcc/arm-none-eabi/9.3.1/../../../../arm-none-eabi/lib/thumb/v7-m/nofp/libc_nano.a(lib_a-mprec.o)
                0x0000000008007c30                __hi0bits
 .text.__lo0bits
                0x0000000008007c70       0x5c /opt/st/stm32cubeide_1.6.0/plugins/com.st.stm32cube.ide.mcu.externaltools.gnu-tools-for-stm32.9-2020-q2-update.linux64_1.5.0.202011040924/tools/bin/../lib/gcc/arm-none-eabi/9.3.1/../../../../arm-none-eabi/lib/thumb/v7-m/nofp/libc_nano.a(lib_a-mprec.o)
                0x0000000008007c70                __lo0bits
 .text.__i2b    0x0000000008007ccc       0x2c /opt/st/stm32cubeide_1.6.0/plugins/com.st.stm32cube.ide.mcu.externaltools.gnu-tools-for-stm32.9-2020-q2-update.linux64_1.5.0.202011040924/tools/bin/../lib/gcc/arm-none-eabi/9.3.1/../../../../arm-none-eabi/lib/thumb/v7-m/nofp/libc_nano.a(lib_a-mprec.o)
                0x0000000008007ccc                __i2b
 .text.__multiply
                0x0000000008007cf8      0x148 /opt/st/stm32cubeide_1.6.0/plugins/com.st.stm32cube.ide.mcu.externaltools.gnu-tools-for-stm32.9-2020-q2-update.linux64_1.5.0.202011040924/tools/bin/../lib/gcc/arm-none-eabi/9.3.1/../../../../arm-none-eabi/lib/thumb/v7-m/nofp/libc_nano.a(lib_a-mprec.o)
                0x0000000008007cf8                __multiply
 .text.__pow5mult
                0x0000000008007e40       0xb4 /opt/st/stm32cubeide_1.6.0/plugins/com.st.stm32cube.ide.mcu.externaltools.gnu-tools-for-stm32.9-2020-q2-update.linux64_1.5.0.202011040924/tools/bin/../lib/gcc/arm-none-eabi/9.3.1/../../../../arm-none-eabi/lib/thumb/v7-m/nofp/libc_nano.a(lib_a-mprec.o)
                0x0000000008007e40                __pow5mult
 .text.__lshift
                0x0000000008007ef4       0xd8 /opt/st/stm32cubeide_1.6.0/plugins/com.st.stm32cube.ide.mcu.externaltools.gnu-tools-for-stm32.9-2020-q2-update.linux64_1.5.0.202011040924/tools/bin/../lib/gcc/arm-none-eabi/9.3.1/../../../../arm-none-eabi/lib/thumb/v7-m/nofp/libc_nano.a(lib_a-mprec.o)
                0x0000000008007ef4                __lshift
 .text.__mcmp   0x0000000008007fcc       0x36 /opt/st/stm32cubeide_1.6.0/plugins/com.st.stm32cube.ide.mcu.externaltools.gnu-tools-for-stm32.9-2020-q2-update.linux64_1.5.0.202011040924/tools/bin/../lib/gcc/arm-none-eabi/9.3.1/../../../../arm-none-eabi/lib/thumb/v7-m/nofp/libc_nano.a(lib_a-mprec.o)
                0x0000000008007fcc                __mcmp
 *fill*         0x0000000008008002        0x2 
 .text.__mdiff  0x0000000008008004      0x120 /opt/st/stm32cubeide_1.6.0/plugins/com.st.stm32cube.ide.mcu.externaltools.gnu-tools-for-stm32.9-2020-q2-update.linux64_1.5.0.202011040924/tools/bin/../lib/gcc/arm-none-eabi/9.3.1/../../../../arm-none-eabi/lib/thumb/v7-m/nofp/libc_nano.a(lib_a-mprec.o)
                0x0000000008008004                __mdiff
 .text.__ulp    0x0000000008008124       0x4c /opt/st/stm32cubeide_1.6.0/plugins/com.st.stm32cube.ide.mcu.externaltools.gnu-tools-for-stm32.9-2020-q2-update.linux64_1.5.0.202011040924/tools/bin/../lib/gcc/arm-none-eabi/9.3.1/../../../../arm-none-eabi/lib/thumb/v7-m/nofp/libc_nano.a(lib_a-mprec.o)
                0x0000000008008124                __ulp
 .text.__b2d    0x0000000008008170       0xa8 /opt/st/stm32cubeide_1.6.0/plugins/com.st.stm32cube.ide.mcu.externaltools.gnu-tools-for-stm32.9-2020-q2-update.linux64_1.5.0.202011040924/tools/bin/../lib/gcc/arm-none-eabi/9.3.1/../../../../arm-none-eabi/lib/thumb/v7-m/nofp/libc_nano.a(lib_a-mprec.o)
                0x0000000008008170                __b2d
 .text.__d2b    0x0000000008008218       0xb8 /opt/st/stm32cubeide_1.6.0/plugins/com.st.stm32cube.ide.mcu.externaltools.gnu-tools-for-stm32.9-2020-q2-update.linux64_1.5.0.202011040924/tools/bin/../lib/gcc/arm-none-eabi/9.3.1/../../../../arm-none-eabi/lib/thumb/v7-m/nofp/libc_nano.a(lib_a-mprec.o)
                0x0000000008008218                __d2b
 .text.__ratio  0x00000000080082d0       0x5c /opt/st/stm32cubeide_1.6.0/plugins/com.st.stm32cube.ide.mcu.externaltools.gnu-tools-for-stm32.9-2020-q2-update.linux64_1.5.0.202011040924/tools/bin/../lib/gcc/arm-none-eabi/9.3.1/../../../../arm-none-eabi/lib/thumb/v7-m/nofp/libc_nano.a(lib_a-mprec.o)
                0x00000000080082d0                __ratio
 .text.__copybits
                0x000000000800832c       0x46 /opt/st/stm32cubeide_1.6.0/plugins/com.st.stm32cube.ide.mcu.externaltools.gnu-tools-for-stm32.9-2020-q2-update.linux64_1.5.0.202011040924/tools/bin/../lib/gcc/arm-none-eabi/9.3.1/../../../../arm-none-eabi/lib/thumb/v7-m/nofp/libc_nano.a(lib_a-mprec.o)
                0x000000000800832c                __copybits
 .text.__any_on
                0x0000000008008372       0x42 /opt/st/stm32cubeide_1.6.0/plugins/com.st.stm32cube.ide.mcu.externaltools.gnu-tools-for-stm32.9-2020-q2-update.linux64_1.5.0.202011040924/tools/bin/../lib/gcc/arm-none-eabi/9.3.1/../../../../arm-none-eabi/lib/thumb/v7-m/nofp/libc_nano.a(lib_a-mprec.o)
                0x0000000008008372                __any_on
 .text._calloc_r
                0x00000000080083b4       0x1c /opt/st/stm32cubeide_1.6.0/plugins/com.st.stm32cube.ide.mcu.externaltools.gnu-tools-for-stm32.9-2020-q2-update.linux64_1.5.0.202011040924/tools/bin/../lib/gcc/arm-none-eabi/9.3.1/../../../../arm-none-eabi/lib/thumb/v7-m/nofp/libc_nano.a(lib_a-nano-callocr.o)
                0x00000000080083b4                _calloc_r
 .text._free_r  0x00000000080083d0       0x98 /opt/st/stm32cubeide_1.6.0/plugins/com.st.stm32cube.ide.mcu.externaltools.gnu-tools-for-stm32.9-2020-q2-update.linux64_1.5.0.202011040924/tools/bin/../lib/gcc/arm-none-eabi/9.3.1/../../../../arm-none-eabi/lib/thumb/v7-m/nofp/libc_nano.a(lib_a-nano-freer.o)
                0x00000000080083d0                _free_r
 .text._malloc_r
                0x0000000008008468       0xb4 /opt/st/stm32cubeide_1.6.0/plugins/com.st.stm32cube.ide.mcu.externaltools.gnu-tools-for-stm32.9-2020-q2-update.linux64_1.5.0.202011040924/tools/bin/../lib/gcc/arm-none-eabi/9.3.1/../../../../arm-none-eabi/lib/thumb/v7-m/nofp/libc_nano.a(lib_a-nano-mallocr.o)
                0x0000000008008468                _malloc_r
 .text.__ssputs_r
                0x000000000800851c       0xb6 /opt/st/stm32cubeide_1.6.0/plugins/com.st.stm32cube.ide.mcu.externaltools.gnu-tools-for-stm32.9-2020-q2-update.linux64_1.5.0.202011040924/tools/bin/../lib/gcc/arm-none-eabi/9.3.1/../../../../arm-none-eabi/lib/thumb/v7-m/nofp/libc_nano.a(lib_a-nano-svfprintf.o)
                0x000000000800851c                __ssputs_r
 *fill*         0x00000000080085d2        0x2 
 .text._svfprintf_r
                0x00000000080085d4      0x200 /opt/st/stm32cubeide_1.6.0/plugins/com.st.stm32cube.ide.mcu.externaltools.gnu-tools-for-stm32.9-2020-q2-update.linux64_1.5.0.202011040924/tools/bin/../lib/gcc/arm-none-eabi/9.3.1/../../../../arm-none-eabi/lib/thumb/v7-m/nofp/libc_nano.a(lib_a-nano-svfprintf.o)
                0x00000000080085d4                _svfprintf_r
                0x00000000080085d4                _svfiprintf_r
 .text._sungetc_r
                0x00000000080087d4       0x7a /opt/st/stm32cubeide_1.6.0/plugins/com.st.stm32cube.ide.mcu.externaltools.gnu-tools-for-stm32.9-2020-q2-update.linux64_1.5.0.202011040924/tools/bin/../lib/gcc/arm-none-eabi/9.3.1/../../../../arm-none-eabi/lib/thumb/v7-m/nofp/libc_nano.a(lib_a-nano-svfscanf.o)
                0x00000000080087d4                _sungetc_r
 .text.__ssrefill_r
                0x000000000800884e       0x3a /opt/st/stm32cubeide_1.6.0/plugins/com.st.stm32cube.ide.mcu.externaltools.gnu-tools-for-stm32.9-2020-q2-update.linux64_1.5.0.202011040924/tools/bin/../lib/gcc/arm-none-eabi/9.3.1/../../../../arm-none-eabi/lib/thumb/v7-m/nofp/libc_nano.a(lib_a-nano-svfscanf.o)
                0x000000000800884e                __ssrefill_r
 .text.__ssvfscanf_r
                0x0000000008008888      0x2f4 /opt/st/stm32cubeide_1.6.0/plugins/com.st.stm32cube.ide.mcu.externaltools.gnu-tools-for-stm32.9-2020-q2-update.linux64_1.5.0.202011040924/tools/bin/../lib/gcc/arm-none-eabi/9.3.1/../../../../arm-none-eabi/lib/thumb/v7-m/nofp/libc_nano.a(lib_a-nano-svfscanf.o)
                0x0000000008008888                __ssvfscanf_r
                0x0000000008008888                __ssvfiscanf_r
 .text._scanf_chars
                0x0000000008008b7c       0xb0 /opt/st/stm32cubeide_1.6.0/plugins/com.st.stm32cube.ide.mcu.externaltools.gnu-tools-for-stm32.9-2020-q2-update.linux64_1.5.0.202011040924/tools/bin/../lib/gcc/arm-none-eabi/9.3.1/../../../../arm-none-eabi/lib/thumb/v7-m/nofp/libc_nano.a(lib_a-nano-vfscanf_i.o)
                0x0000000008008b7c                _scanf_chars
 .text._scanf_i
                0x0000000008008c2c      0x1e4 /opt/st/stm32cubeide_1.6.0/plugins/com.st.stm32cube.ide.mcu.externaltools.gnu-tools-for-stm32.9-2020-q2-update.linux64_1.5.0.202011040924/tools/bin/../lib/gcc/arm-none-eabi/9.3.1/../../../../arm-none-eabi/lib/thumb/v7-m/nofp/libc_nano.a(lib_a-nano-vfscanf_i.o)
                0x0000000008008c2c                _scanf_i
 .text._read_r  0x0000000008008e10       0x24 /opt/st/stm32cubeide_1.6.0/plugins/com.st.stm32cube.ide.mcu.externaltools.gnu-tools-for-stm32.9-2020-q2-update.linux64_1.5.0.202011040924/tools/bin/../lib/gcc/arm-none-eabi/9.3.1/../../../../arm-none-eabi/lib/thumb/v7-m/nofp/libc_nano.a(lib_a-readr.o)
                0x0000000008008e10                _read_r
 .text.nan      0x0000000008008e34        0xc /opt/st/stm32cubeide_1.6.0/plugins/com.st.stm32cube.ide.mcu.externaltools.gnu-tools-for-stm32.9-2020-q2-update.linux64_1.5.0.202011040924/tools/bin/../lib/gcc/arm-none-eabi/9.3.1/../../../../arm-none-eabi/lib/thumb/v7-m/nofp/libc_nano.a(lib_a-s_nan.o)
                0x0000000008008e34                nan
 .text._sbrk_r  0x0000000008008e40       0x20 /opt/st/stm32cubeide_1.6.0/plugins/com.st.stm32cube.ide.mcu.externaltools.gnu-tools-for-stm32.9-2020-q2-update.linux64_1.5.0.202011040924/tools/bin/../lib/gcc/arm-none-eabi/9.3.1/../../../../arm-none-eabi/lib/thumb/v7-m/nofp/libc_nano.a(lib_a-sbrkr.o)
                0x0000000008008e40                _sbrk_r
 .text.__sccl   0x0000000008008e60       0x74 /opt/st/stm32cubeide_1.6.0/plugins/com.st.stm32cube.ide.mcu.externaltools.gnu-tools-for-stm32.9-2020-q2-update.linux64_1.5.0.202011040924/tools/bin/../lib/gcc/arm-none-eabi/9.3.1/../../../../arm-none-eabi/lib/thumb/v7-m/nofp/libc_nano.a(lib_a-sccl.o)
                0x0000000008008e60                __sccl
 .text.strncmp  0x0000000008008ed4       0x24 /opt/st/stm32cubeide_1.6.0/plugins/com.st.stm32cube.ide.mcu.externaltools.gnu-tools-for-stm32.9-2020-q2-update.linux64_1.5.0.202011040924/tools/bin/../lib/gcc/arm-none-eabi/9.3.1/../../../../arm-none-eabi/lib/thumb/v7-m/nofp/libc_nano.a(lib_a-strncmp.o)
                0x0000000008008ed4                strncmp
 .text._strtoul_l.isra.0
                0x0000000008008ef8       0xf8 /opt/st/stm32cubeide_1.6.0/plugins/com.st.stm32cube.ide.mcu.externaltools.gnu-tools-for-stm32.9-2020-q2-update.linux64_1.5.0.202011040924/tools/bin/../lib/gcc/arm-none-eabi/9.3.1/../../../../arm-none-eabi/lib/thumb/v7-m/nofp/libc_nano.a(lib_a-strtoul.o)
 .text._strtoul_r
                0x0000000008008ff0        0x4 /opt/st/stm32cubeide_1.6.0/plugins/com.st.stm32cube.ide.mcu.externaltools.gnu-tools-for-stm32.9-2020-q2-update.linux64_1.5.0.202011040924/tools/bin/../lib/gcc/arm-none-eabi/9.3.1/../../../../arm-none-eabi/lib/thumb/v7-m/nofp/libc_nano.a(lib_a-strtoul.o)
                0x0000000008008ff0                _strtoul_r
 .text.__submore
                0x0000000008008ff4       0x70 /opt/st/stm32cubeide_1.6.0/plugins/com.st.stm32cube.ide.mcu.externaltools.gnu-tools-for-stm32.9-2020-q2-update.linux64_1.5.0.202011040924/tools/bin/../lib/gcc/arm-none-eabi/9.3.1/../../../../arm-none-eabi/lib/thumb/v7-m/nofp/libc_nano.a(lib_a-ungetc.o)
                0x0000000008008ff4                __submore
 .text.__ascii_wctomb
                0x0000000008009064       0x1a /opt/st/stm32cubeide_1.6.0/plugins/com.st.stm32cube.ide.mcu.externaltools.gnu-tools-for-stm32.9-2020-q2-update.linux64_1.5.0.202011040924/tools/bin/../lib/gcc/arm-none-eabi/9.3.1/../../../../arm-none-eabi/lib/thumb/v7-m/nofp/libc_nano.a(lib_a-wctomb_r.o)
                0x0000000008009064                __ascii_wctomb
 *fill*         0x000000000800907e        0x2 
 .text.__assert_func
                0x0000000008009080       0x3c /opt/st/stm32cubeide_1.6.0/plugins/com.st.stm32cube.ide.mcu.externaltools.gnu-tools-for-stm32.9-2020-q2-update.linux64_1.5.0.202011040924/tools/bin/../lib/gcc/arm-none-eabi/9.3.1/../../../../arm-none-eabi/lib/thumb/v7-m/nofp/libc_nano.a(lib_a-assert.o)
                0x0000000008009080                __assert_func
 .text.__sflush_r
                0x00000000080090bc      0x10c /opt/st/stm32cubeide_1.6.0/plugins/com.st.stm32cube.ide.mcu.externaltools.gnu-tools-for-stm32.9-2020-q2-update.linux64_1.5.0.202011040924/tools/bin/../lib/gcc/arm-none-eabi/9.3.1/../../../../arm-none-eabi/lib/thumb/v7-m/nofp/libc_nano.a(lib_a-fflush.o)
                0x00000000080090bc                __sflush_r
 .text._fflush_r
                0x00000000080091c8       0x78 /opt/st/stm32cubeide_1.6.0/plugins/com.st.stm32cube.ide.mcu.externaltools.gnu-tools-for-stm32.9-2020-q2-update.linux64_1.5.0.202011040924/tools/bin/../lib/gcc/arm-none-eabi/9.3.1/../../../../arm-none-eabi/lib/thumb/v7-m/nofp/libc_nano.a(lib_a-fflush.o)
                0x00000000080091c8                _fflush_r
 .text.std      0x0000000008009240       0x48 /opt/st/stm32cubeide_1.6.0/plugins/com.st.stm32cube.ide.mcu.externaltools.gnu-tools-for-stm32.9-2020-q2-update.linux64_1.5.0.202011040924/tools/bin/../lib/gcc/arm-none-eabi/9.3.1/../../../../arm-none-eabi/lib/thumb/v7-m/nofp/libc_nano.a(lib_a-findfp.o)
 .text._cleanup_r
                0x0000000008009288        0xc /opt/st/stm32cubeide_1.6.0/plugins/com.st.stm32cube.ide.mcu.externaltools.gnu-tools-for-stm32.9-2020-q2-update.linux64_1.5.0.202011040924/tools/bin/../lib/gcc/arm-none-eabi/9.3.1/../../../../arm-none-eabi/lib/thumb/v7-m/nofp/libc_nano.a(lib_a-findfp.o)
                0x0000000008009288                _cleanup_r
 .text.__sfmoreglue
                0x0000000008009294       0x2c /opt/st/stm32cubeide_1.6.0/plugins/com.st.stm32cube.ide.mcu.externaltools.gnu-tools-for-stm32.9-2020-q2-update.linux64_1.5.0.202011040924/tools/bin/../lib/gcc/arm-none-eabi/9.3.1/../../../../arm-none-eabi/lib/thumb/v7-m/nofp/libc_nano.a(lib_a-findfp.o)
                0x0000000008009294                __sfmoreglue
 .text.__sfp_lock_acquire
                0x00000000080092c0        0xc /opt/st/stm32cubeide_1.6.0/plugins/com.st.stm32cube.ide.mcu.externaltools.gnu-tools-for-stm32.9-2020-q2-update.linux64_1.5.0.202011040924/tools/bin/../lib/gcc/arm-none-eabi/9.3.1/../../../../arm-none-eabi/lib/thumb/v7-m/nofp/libc_nano.a(lib_a-findfp.o)
                0x00000000080092c0                __sfp_lock_acquire
 .text.__sfp_lock_release
                0x00000000080092cc        0xc /opt/st/stm32cubeide_1.6.0/plugins/com.st.stm32cube.ide.mcu.externaltools.gnu-tools-for-stm32.9-2020-q2-update.linux64_1.5.0.202011040924/tools/bin/../lib/gcc/arm-none-eabi/9.3.1/../../../../arm-none-eabi/lib/thumb/v7-m/nofp/libc_nano.a(lib_a-findfp.o)
                0x00000000080092cc                __sfp_lock_release
 .text.__sinit_lock_acquire
                0x00000000080092d8        0xc /opt/st/stm32cubeide_1.6.0/plugins/com.st.stm32cube.ide.mcu.externaltools.gnu-tools-for-stm32.9-2020-q2-update.linux64_1.5.0.202011040924/tools/bin/../lib/gcc/arm-none-eabi/9.3.1/../../../../arm-none-eabi/lib/thumb/v7-m/nofp/libc_nano.a(lib_a-findfp.o)
                0x00000000080092d8                __sinit_lock_acquire
 .text.__sinit_lock_release
                0x00000000080092e4        0xc /opt/st/stm32cubeide_1.6.0/plugins/com.st.stm32cube.ide.mcu.externaltools.gnu-tools-for-stm32.9-2020-q2-update.linux64_1.5.0.202011040924/tools/bin/../lib/gcc/arm-none-eabi/9.3.1/../../../../arm-none-eabi/lib/thumb/v7-m/nofp/libc_nano.a(lib_a-findfp.o)
                0x00000000080092e4                __sinit_lock_release
 .text.__sinit  0x00000000080092f0       0x70 /opt/st/stm32cubeide_1.6.0/plugins/com.st.stm32cube.ide.mcu.externaltools.gnu-tools-for-stm32.9-2020-q2-update.linux64_1.5.0.202011040924/tools/bin/../lib/gcc/arm-none-eabi/9.3.1/../../../../arm-none-eabi/lib/thumb/v7-m/nofp/libc_nano.a(lib_a-findfp.o)
                0x00000000080092f0                __sinit
 .text.__sfp    0x0000000008009360       0x8c /opt/st/stm32cubeide_1.6.0/plugins/com.st.stm32cube.ide.mcu.externaltools.gnu-tools-for-stm32.9-2020-q2-update.linux64_1.5.0.202011040924/tools/bin/../lib/gcc/arm-none-eabi/9.3.1/../../../../arm-none-eabi/lib/thumb/v7-m/nofp/libc_nano.a(lib_a-findfp.o)
                0x0000000008009360                __sfp
 .text.fprintf  0x00000000080093ec       0x24 /opt/st/stm32cubeide_1.6.0/plugins/com.st.stm32cube.ide.mcu.externaltools.gnu-tools-for-stm32.9-2020-q2-update.linux64_1.5.0.202011040924/tools/bin/../lib/gcc/arm-none-eabi/9.3.1/../../../../arm-none-eabi/lib/thumb/v7-m/nofp/libc_nano.a(lib_a-fprintf.o)
                0x00000000080093ec                fprintf
                0x00000000080093ec                fiprintf
 .text._fwalk_reent
                0x0000000008009410       0x3e /opt/st/stm32cubeide_1.6.0/plugins/com.st.stm32cube.ide.mcu.externaltools.gnu-tools-for-stm32.9-2020-q2-update.linux64_1.5.0.202011040924/tools/bin/../lib/gcc/arm-none-eabi/9.3.1/../../../../arm-none-eabi/lib/thumb/v7-m/nofp/libc_nano.a(lib_a-fwalk.o)
                0x0000000008009410                _fwalk_reent
 .text.__retarget_lock_init_recursive
                0x000000000800944e        0x2 /opt/st/stm32cubeide_1.6.0/plugins/com.st.stm32cube.ide.mcu.externaltools.gnu-tools-for-stm32.9-2020-q2-update.linux64_1.5.0.202011040924/tools/bin/../lib/gcc/arm-none-eabi/9.3.1/../../../../arm-none-eabi/lib/thumb/v7-m/nofp/libc_nano.a(lib_a-lock.o)
                0x000000000800944e                __retarget_lock_init_recursive
 .text.__retarget_lock_acquire_recursive
                0x0000000008009450        0x2 /opt/st/stm32cubeide_1.6.0/plugins/com.st.stm32cube.ide.mcu.externaltools.gnu-tools-for-stm32.9-2020-q2-update.linux64_1.5.0.202011040924/tools/bin/../lib/gcc/arm-none-eabi/9.3.1/../../../../arm-none-eabi/lib/thumb/v7-m/nofp/libc_nano.a(lib_a-lock.o)
                0x0000000008009450                __retarget_lock_acquire_recursive
 .text.__retarget_lock_release_recursive
                0x0000000008009452        0x2 /opt/st/stm32cubeide_1.6.0/plugins/com.st.stm32cube.ide.mcu.externaltools.gnu-tools-for-stm32.9-2020-q2-update.linux64_1.5.0.202011040924/tools/bin/../lib/gcc/arm-none-eabi/9.3.1/../../../../arm-none-eabi/lib/thumb/v7-m/nofp/libc_nano.a(lib_a-lock.o)
                0x0000000008009452                __retarget_lock_release_recursive
 .text.memmove  0x0000000008009454       0x34 /opt/st/stm32cubeide_1.6.0/plugins/com.st.stm32cube.ide.mcu.externaltools.gnu-tools-for-stm32.9-2020-q2-update.linux64_1.5.0.202011040924/tools/bin/../lib/gcc/arm-none-eabi/9.3.1/../../../../arm-none-eabi/lib/thumb/v7-m/nofp/libc_nano.a(lib_a-memmove.o)
                0x0000000008009454                memmove
 .text.__malloc_lock
                0x0000000008009488        0xc /opt/st/stm32cubeide_1.6.0/plugins/com.st.stm32cube.ide.mcu.externaltools.gnu-tools-for-stm32.9-2020-q2-update.linux64_1.5.0.202011040924/tools/bin/../lib/gcc/arm-none-eabi/9.3.1/../../../../arm-none-eabi/lib/thumb/v7-m/nofp/libc_nano.a(lib_a-mlock.o)
                0x0000000008009488                __malloc_lock
 .text.__malloc_unlock
                0x0000000008009494        0xc /opt/st/stm32cubeide_1.6.0/plugins/com.st.stm32cube.ide.mcu.externaltools.gnu-tools-for-stm32.9-2020-q2-update.linux64_1.5.0.202011040924/tools/bin/../lib/gcc/arm-none-eabi/9.3.1/../../../../arm-none-eabi/lib/thumb/v7-m/nofp/libc_nano.a(lib_a-mlock.o)
                0x0000000008009494                __malloc_unlock
 .text._realloc_r
                0x00000000080094a0       0x4c /opt/st/stm32cubeide_1.6.0/plugins/com.st.stm32cube.ide.mcu.externaltools.gnu-tools-for-stm32.9-2020-q2-update.linux64_1.5.0.202011040924/tools/bin/../lib/gcc/arm-none-eabi/9.3.1/../../../../arm-none-eabi/lib/thumb/v7-m/nofp/libc_nano.a(lib_a-nano-reallocr.o)
                0x00000000080094a0                _realloc_r
 .text.__sfputc_r
                0x00000000080094ec       0x2a /opt/st/stm32cubeide_1.6.0/plugins/com.st.stm32cube.ide.mcu.externaltools.gnu-tools-for-stm32.9-2020-q2-update.linux64_1.5.0.202011040924/tools/bin/../lib/gcc/arm-none-eabi/9.3.1/../../../../arm-none-eabi/lib/thumb/v7-m/nofp/libc_nano.a(lib_a-nano-vfprintf.o)
 .text.__sfputs_r
                0x0000000008009516       0x24 /opt/st/stm32cubeide_1.6.0/plugins/com.st.stm32cube.ide.mcu.externaltools.gnu-tools-for-stm32.9-2020-q2-update.linux64_1.5.0.202011040924/tools/bin/../lib/gcc/arm-none-eabi/9.3.1/../../../../arm-none-eabi/lib/thumb/v7-m/nofp/libc_nano.a(lib_a-nano-vfprintf.o)
                0x0000000008009516                __sfputs_r
 *fill*         0x000000000800953a        0x2 
 .text._vfprintf_r
                0x000000000800953c      0x260 /opt/st/stm32cubeide_1.6.0/plugins/com.st.stm32cube.ide.mcu.externaltools.gnu-tools-for-stm32.9-2020-q2-update.linux64_1.5.0.202011040924/tools/bin/../lib/gcc/arm-none-eabi/9.3.1/../../../../arm-none-eabi/lib/thumb/v7-m/nofp/libc_nano.a(lib_a-nano-vfprintf.o)
                0x000000000800953c                _vfiprintf_r
                0x000000000800953c                _vfprintf_r
 .text.__swbuf_r
                0x000000000800979c       0xa4 /opt/st/stm32cubeide_1.6.0/plugins/com.st.stm32cube.ide.mcu.externaltools.gnu-tools-for-stm32.9-2020-q2-update.linux64_1.5.0.202011040924/tools/bin/../lib/gcc/arm-none-eabi/9.3.1/../../../../arm-none-eabi/lib/thumb/v7-m/nofp/libc_nano.a(lib_a-wbuf.o)
                0x000000000800979c                __swbuf_r
 .text.__swsetup_r
                0x0000000008009840       0xdc /opt/st/stm32cubeide_1.6.0/plugins/com.st.stm32cube.ide.mcu.externaltools.gnu-tools-for-stm32.9-2020-q2-update.linux64_1.5.0.202011040924/tools/bin/../lib/gcc/arm-none-eabi/9.3.1/../../../../arm-none-eabi/lib/thumb/v7-m/nofp/libc_nano.a(lib_a-wsetup.o)
                0x0000000008009840                __swsetup_r
 .text.abort    0x000000000800991c        0xe /opt/st/stm32cubeide_1.6.0/plugins/com.st.stm32cube.ide.mcu.externaltools.gnu-tools-for-stm32.9-2020-q2-update.linux64_1.5.0.202011040924/tools/bin/../lib/gcc/arm-none-eabi/9.3.1/../../../../arm-none-eabi/lib/thumb/v7-m/nofp/libc_nano.a(lib_a-abort.o)
                0x000000000800991c                abort
 .text.__swhatbuf_r
                0x000000000800992a       0x48 /opt/st/stm32cubeide_1.6.0/plugins/com.st.stm32cube.ide.mcu.externaltools.gnu-tools-for-stm32.9-2020-q2-update.linux64_1.5.0.202011040924/tools/bin/../lib/gcc/arm-none-eabi/9.3.1/../../../../arm-none-eabi/lib/thumb/v7-m/nofp/libc_nano.a(lib_a-makebuf.o)
                0x000000000800992a                __swhatbuf_r
 *fill*         0x0000000008009972        0x2 
 .text.__smakebuf_r
                0x0000000008009974       0x80 /opt/st/stm32cubeide_1.6.0/plugins/com.st.stm32cube.ide.mcu.externaltools.gnu-tools-for-stm32.9-2020-q2-update.linux64_1.5.0.202011040924/tools/bin/../lib/gcc/arm-none-eabi/9.3.1/../../../../arm-none-eabi/lib/thumb/v7-m/nofp/libc_nano.a(lib_a-makebuf.o)
                0x0000000008009974                __smakebuf_r
 .text._malloc_usable_size_r
                0x00000000080099f4       0x10 /opt/st/stm32cubeide_1.6.0/plugins/com.st.stm32cube.ide.mcu.externaltools.gnu-tools-for-stm32.9-2020-q2-update.linux64_1.5.0.202011040924/tools/bin/../lib/gcc/arm-none-eabi/9.3.1/../../../../arm-none-eabi/lib/thumb/v7-m/nofp/libc_nano.a(lib_a-nano-msizer.o)
                0x00000000080099f4                _malloc_usable_size_r
 .text._raise_r
                0x0000000008009a04       0x50 /opt/st/stm32cubeide_1.6.0/plugins/com.st.stm32cube.ide.mcu.externaltools.gnu-tools-for-stm32.9-2020-q2-update.linux64_1.5.0.202011040924/tools/bin/../lib/gcc/arm-none-eabi/9.3.1/../../../../arm-none-eabi/lib/thumb/v7-m/nofp/libc_nano.a(lib_a-signal.o)
                0x0000000008009a04                _raise_r
 .text.raise    0x0000000008009a54       0x10 /opt/st/stm32cubeide_1.6.0/plugins/com.st.stm32cube.ide.mcu.externaltools.gnu-tools-for-stm32.9-2020-q2-update.linux64_1.5.0.202011040924/tools/bin/../lib/gcc/arm-none-eabi/9.3.1/../../../../arm-none-eabi/lib/thumb/v7-m/nofp/libc_nano.a(lib_a-signal.o)
                0x0000000008009a54                raise
 .text._kill_r  0x0000000008009a64       0x24 /opt/st/stm32cubeide_1.6.0/plugins/com.st.stm32cube.ide.mcu.externaltools.gnu-tools-for-stm32.9-2020-q2-update.linux64_1.5.0.202011040924/tools/bin/../lib/gcc/arm-none-eabi/9.3.1/../../../../arm-none-eabi/lib/thumb/v7-m/nofp/libc_nano.a(lib_a-signalr.o)
                0x0000000008009a64                _kill_r
 .text._getpid_r
                0x0000000008009a88        0x4 /opt/st/stm32cubeide_1.6.0/plugins/com.st.stm32cube.ide.mcu.externaltools.gnu-tools-for-stm32.9-2020-q2-update.linux64_1.5.0.202011040924/tools/bin/../lib/gcc/arm-none-eabi/9.3.1/../../../../arm-none-eabi/lib/thumb/v7-m/nofp/libc_nano.a(lib_a-signalr.o)
                0x0000000008009a88                _getpid_r
 .text._fstat_r
                0x0000000008009a8c       0x24 /opt/st/stm32cubeide_1.6.0/plugins/com.st.stm32cube.ide.mcu.externaltools.gnu-tools-for-stm32.9-2020-q2-update.linux64_1.5.0.202011040924/tools/bin/../lib/gcc/arm-none-eabi/9.3.1/../../../../arm-none-eabi/lib/thumb/v7-m/nofp/libc_nano.a(lib_a-fstatr.o)
                0x0000000008009a8c                _fstat_r
 .text._isatty_r
                0x0000000008009ab0       0x20 /opt/st/stm32cubeide_1.6.0/plugins/com.st.stm32cube.ide.mcu.externaltools.gnu-tools-for-stm32.9-2020-q2-update.linux64_1.5.0.202011040924/tools/bin/../lib/gcc/arm-none-eabi/9.3.1/../../../../arm-none-eabi/lib/thumb/v7-m/nofp/libc_nano.a(lib_a-isattyr.o)
                0x0000000008009ab0                _isatty_r
 *(.glue_7)
 .glue_7        0x0000000008009ad0        0x0 linker stubs
 *(.glue_7t)
 .glue_7t       0x0000000008009ad0        0x0 linker stubs
 *(.eh_frame)
 .eh_frame      0x0000000008009ad0        0x0 /opt/st/stm32cubeide_1.6.0/plugins/com.st.stm32cube.ide.mcu.externaltools.gnu-tools-for-stm32.9-2020-q2-update.linux64_1.5.0.202011040924/tools/bin/../lib/gcc/arm-none-eabi/9.3.1/thumb/v7-m/nofp/crtbegin.o
 *(.init)
 .init          0x0000000008009ad0        0x4 /opt/st/stm32cubeide_1.6.0/plugins/com.st.stm32cube.ide.mcu.externaltools.gnu-tools-for-stm32.9-2020-q2-update.linux64_1.5.0.202011040924/tools/bin/../lib/gcc/arm-none-eabi/9.3.1/thumb/v7-m/nofp/crti.o
                0x0000000008009ad0                _init
 .init          0x0000000008009ad4        0x8 /opt/st/stm32cubeide_1.6.0/plugins/com.st.stm32cube.ide.mcu.externaltools.gnu-tools-for-stm32.9-2020-q2-update.linux64_1.5.0.202011040924/tools/bin/../lib/gcc/arm-none-eabi/9.3.1/thumb/v7-m/nofp/crtn.o
 *(.fini)
 .fini          0x0000000008009adc        0x4 /opt/st/stm32cubeide_1.6.0/plugins/com.st.stm32cube.ide.mcu.externaltools.gnu-tools-for-stm32.9-2020-q2-update.linux64_1.5.0.202011040924/tools/bin/../lib/gcc/arm-none-eabi/9.3.1/thumb/v7-m/nofp/crti.o
                0x0000000008009adc                _fini
 .fini          0x0000000008009ae0        0x8 /opt/st/stm32cubeide_1.6.0/plugins/com.st.stm32cube.ide.mcu.externaltools.gnu-tools-for-stm32.9-2020-q2-update.linux64_1.5.0.202011040924/tools/bin/../lib/gcc/arm-none-eabi/9.3.1/thumb/v7-m/nofp/crtn.o
                0x0000000008009ae8                . = ALIGN (0x4)
                0x0000000008009ae8                _etext = .

.vfp11_veneer   0x0000000008009ae8        0x0
 .vfp11_veneer  0x0000000008009ae8        0x0 linker stubs

.v4_bx          0x0000000008009ae8        0x0
 .v4_bx         0x0000000008009ae8        0x0 linker stubs

.iplt           0x0000000008009ae8        0x0
 .iplt          0x0000000008009ae8        0x0 /opt/st/stm32cubeide_1.6.0/plugins/com.st.stm32cube.ide.mcu.externaltools.gnu-tools-for-stm32.9-2020-q2-update.linux64_1.5.0.202011040924/tools/bin/../lib/gcc/arm-none-eabi/9.3.1/thumb/v7-m/nofp/crtbegin.o

.rodata         0x0000000008009ae8      0x5ec
                0x0000000008009ae8                . = ALIGN (0x4)
 *(.rodata)
 .rodata        0x0000000008009ae8       0x4c Core/Src/main.o
 .rodata        0x0000000008009b34       0x10 Drivers/STM32F1xx_HAL_Driver/Src/stm32f1xx_hal_rcc.o
 .rodata        0x0000000008009b44        0x5 Middlewares/Third_Party/FreeRTOS/Source/tasks.o
 *fill*         0x0000000008009b49        0x3 
 .rodata        0x0000000008009b4c       0x95 software/UART_handler/UART_handler.o
 *fill*         0x0000000008009be1        0x3 
 .rodata        0x0000000008009be4        0xc /opt/st/stm32cubeide_1.6.0/plugins/com.st.stm32cube.ide.mcu.externaltools.gnu-tools-for-stm32.9-2020-q2-update.linux64_1.5.0.202011040924/tools/bin/../lib/gcc/arm-none-eabi/9.3.1/../../../../arm-none-eabi/lib/thumb/v7-m/nofp/libc_nano.a(lib_a-nano-vfscanf_i.o)
 *(.rodata*)
 .rodata.AHBPrescTable
                0x0000000008009bf0       0x10 Core/Src/system_stm32f1xx.o
                0x0000000008009bf0                AHBPrescTable
 .rodata.APBPrescTable
                0x0000000008009c00        0x8 Core/Src/system_stm32f1xx.o
                0x0000000008009c00                APBPrescTable
 .rodata._global_impure_ptr
                0x0000000008009c08        0x4 /opt/st/stm32cubeide_1.6.0/plugins/com.st.stm32cube.ide.mcu.externaltools.gnu-tools-for-stm32.9-2020-q2-update.linux64_1.5.0.202011040924/tools/bin/../lib/gcc/arm-none-eabi/9.3.1/../../../../arm-none-eabi/lib/thumb/v7-m/nofp/libc_nano.a(lib_a-impure.o)
                0x0000000008009c08                _global_impure_ptr
 .rodata._printf_float.str1.1
                0x0000000008009c0c       0x10 /opt/st/stm32cubeide_1.6.0/plugins/com.st.stm32cube.ide.mcu.externaltools.gnu-tools-for-stm32.9-2020-q2-update.linux64_1.5.0.202011040924/tools/bin/../lib/gcc/arm-none-eabi/9.3.1/../../../../arm-none-eabi/lib/thumb/v7-m/nofp/libc_nano.a(lib_a-nano-vfprintf_float.o)
                                         0x12 (size before relaxing)
 .rodata._printf_i.str1.1
                0x0000000008009c1c       0x22 /opt/st/stm32cubeide_1.6.0/plugins/com.st.stm32cube.ide.mcu.externaltools.gnu-tools-for-stm32.9-2020-q2-update.linux64_1.5.0.202011040924/tools/bin/../lib/gcc/arm-none-eabi/9.3.1/../../../../arm-none-eabi/lib/thumb/v7-m/nofp/libc_nano.a(lib_a-nano-vfprintf_i.o)
 .rodata._scanf_float.str1.1
                0x0000000008009c3e        0x5 /opt/st/stm32cubeide_1.6.0/plugins/com.st.stm32cube.ide.mcu.externaltools.gnu-tools-for-stm32.9-2020-q2-update.linux64_1.5.0.202011040924/tools/bin/../lib/gcc/arm-none-eabi/9.3.1/../../../../arm-none-eabi/lib/thumb/v7-m/nofp/libc_nano.a(lib_a-nano-vfscanf_float.o)
                                          0x6 (size before relaxing)
 .rodata._strtod_l.str1.1
                0x0000000008009c43        0x5 /opt/st/stm32cubeide_1.6.0/plugins/com.st.stm32cube.ide.mcu.externaltools.gnu-tools-for-stm32.9-2020-q2-update.linux64_1.5.0.202011040924/tools/bin/../lib/gcc/arm-none-eabi/9.3.1/../../../../arm-none-eabi/lib/thumb/v7-m/nofp/libc_nano.a(lib_a-strtod.o)
                                          0xd (size before relaxing)
 *fill*         0x0000000008009c43        0x1 
 .rodata.fpi.6220
                0x0000000008009c44       0x14 /opt/st/stm32cubeide_1.6.0/plugins/com.st.stm32cube.ide.mcu.externaltools.gnu-tools-for-stm32.9-2020-q2-update.linux64_1.5.0.202011040924/tools/bin/../lib/gcc/arm-none-eabi/9.3.1/../../../../arm-none-eabi/lib/thumb/v7-m/nofp/libc_nano.a(lib_a-strtod.o)
 .rodata.fpinan.6256
                0x0000000008009c58       0x14 /opt/st/stm32cubeide_1.6.0/plugins/com.st.stm32cube.ide.mcu.externaltools.gnu-tools-for-stm32.9-2020-q2-update.linux64_1.5.0.202011040924/tools/bin/../lib/gcc/arm-none-eabi/9.3.1/../../../../arm-none-eabi/lib/thumb/v7-m/nofp/libc_nano.a(lib_a-strtod.o)
 *fill*         0x0000000008009c6c        0x4 
 .rodata.tinytens
                0x0000000008009c70       0x28 /opt/st/stm32cubeide_1.6.0/plugins/com.st.stm32cube.ide.mcu.externaltools.gnu-tools-for-stm32.9-2020-q2-update.linux64_1.5.0.202011040924/tools/bin/../lib/gcc/arm-none-eabi/9.3.1/../../../../arm-none-eabi/lib/thumb/v7-m/nofp/libc_nano.a(lib_a-strtod.o)
 .rodata._ctype_
                0x0000000008009c98      0x101 /opt/st/stm32cubeide_1.6.0/plugins/com.st.stm32cube.ide.mcu.externaltools.gnu-tools-for-stm32.9-2020-q2-update.linux64_1.5.0.202011040924/tools/bin/../lib/gcc/arm-none-eabi/9.3.1/../../../../arm-none-eabi/lib/thumb/v7-m/nofp/libc_nano.a(lib_a-ctype_.o)
                0x0000000008009c98                _ctype_
 .rodata._dtoa_r.str1.1
                0x0000000008009d99       0x94 /opt/st/stm32cubeide_1.6.0/plugins/com.st.stm32cube.ide.mcu.externaltools.gnu-tools-for-stm32.9-2020-q2-update.linux64_1.5.0.202011040924/tools/bin/../lib/gcc/arm-none-eabi/9.3.1/../../../../arm-none-eabi/lib/thumb/v7-m/nofp/libc_nano.a(lib_a-dtoa.o)
                                         0x96 (size before relaxing)
 .rodata.__gethex.str1.1
                0x0000000008009e2d       0x67 /opt/st/stm32cubeide_1.6.0/plugins/com.st.stm32cube.ide.mcu.externaltools.gnu-tools-for-stm32.9-2020-q2-update.linux64_1.5.0.202011040924/tools/bin/../lib/gcc/arm-none-eabi/9.3.1/../../../../arm-none-eabi/lib/thumb/v7-m/nofp/libc_nano.a(lib_a-gdtoa-gethex.o)
                                         0x78 (size before relaxing)
 .rodata.str1.1
                0x0000000008009e94        0x2 /opt/st/stm32cubeide_1.6.0/plugins/com.st.stm32cube.ide.mcu.externaltools.gnu-tools-for-stm32.9-2020-q2-update.linux64_1.5.0.202011040924/tools/bin/../lib/gcc/arm-none-eabi/9.3.1/../../../../arm-none-eabi/lib/thumb/v7-m/nofp/libc_nano.a(lib_a-lnumeric.o)
                                          0x3 (size before relaxing)
 *fill*         0x0000000008009e96        0x2 
 .rodata._C_numeric_locale
                0x0000000008009e98        0xc /opt/st/stm32cubeide_1.6.0/plugins/com.st.stm32cube.ide.mcu.externaltools.gnu-tools-for-stm32.9-2020-q2-update.linux64_1.5.0.202011040924/tools/bin/../lib/gcc/arm-none-eabi/9.3.1/../../../../arm-none-eabi/lib/thumb/v7-m/nofp/libc_nano.a(lib_a-lnumeric.o)
                0x0000000008009e98                _C_numeric_locale
 .rodata._setlocale_r.str1.1
                0x0000000008009ea4        0x8 /opt/st/stm32cubeide_1.6.0/plugins/com.st.stm32cube.ide.mcu.externaltools.gnu-tools-for-stm32.9-2020-q2-update.linux64_1.5.0.202011040924/tools/bin/../lib/gcc/arm-none-eabi/9.3.1/../../../../arm-none-eabi/lib/thumb/v7-m/nofp/libc_nano.a(lib_a-locale.o)
                                          0x9 (size before relaxing)
 .rodata.str1.1
                0x0000000008009eac        0x2 /opt/st/stm32cubeide_1.6.0/plugins/com.st.stm32cube.ide.mcu.externaltools.gnu-tools-for-stm32.9-2020-q2-update.linux64_1.5.0.202011040924/tools/bin/../lib/gcc/arm-none-eabi/9.3.1/../../../../arm-none-eabi/lib/thumb/v7-m/nofp/libc_nano.a(lib_a-locale.o)
 .rodata._Balloc.str1.1
                0x0000000008009eac       0x60 /opt/st/stm32cubeide_1.6.0/plugins/com.st.stm32cube.ide.mcu.externaltools.gnu-tools-for-stm32.9-2020-q2-update.linux64_1.5.0.202011040924/tools/bin/../lib/gcc/arm-none-eabi/9.3.1/../../../../arm-none-eabi/lib/thumb/v7-m/nofp/libc_nano.a(lib_a-mprec.o)
                                         0x77 (size before relaxing)
 .rodata.__multadd.str1.1
                0x0000000008009f0c       0x11 /opt/st/stm32cubeide_1.6.0/plugins/com.st.stm32cube.ide.mcu.externaltools.gnu-tools-for-stm32.9-2020-q2-update.linux64_1.5.0.202011040924/tools/bin/../lib/gcc/arm-none-eabi/9.3.1/../../../../arm-none-eabi/lib/thumb/v7-m/nofp/libc_nano.a(lib_a-mprec.o)
 *fill*         0x0000000008009f0c        0x4 
 .rodata.__mprec_bigtens
                0x0000000008009f10       0x28 /opt/st/stm32cubeide_1.6.0/plugins/com.st.stm32cube.ide.mcu.externaltools.gnu-tools-for-stm32.9-2020-q2-update.linux64_1.5.0.202011040924/tools/bin/../lib/gcc/arm-none-eabi/9.3.1/../../../../arm-none-eabi/lib/thumb/v7-m/nofp/libc_nano.a(lib_a-mprec.o)
                0x0000000008009f10                __mprec_bigtens
 .rodata.__mprec_tens
                0x0000000008009f38       0xc8 /opt/st/stm32cubeide_1.6.0/plugins/com.st.stm32cube.ide.mcu.externaltools.gnu-tools-for-stm32.9-2020-q2-update.linux64_1.5.0.202011040924/tools/bin/../lib/gcc/arm-none-eabi/9.3.1/../../../../arm-none-eabi/lib/thumb/v7-m/nofp/libc_nano.a(lib_a-mprec.o)
                0x0000000008009f38                __mprec_tens
 .rodata.p05.6150
                0x000000000800a000        0xc /opt/st/stm32cubeide_1.6.0/plugins/com.st.stm32cube.ide.mcu.externaltools.gnu-tools-for-stm32.9-2020-q2-update.linux64_1.5.0.202011040924/tools/bin/../lib/gcc/arm-none-eabi/9.3.1/../../../../arm-none-eabi/lib/thumb/v7-m/nofp/libc_nano.a(lib_a-mprec.o)
 .rodata._svfprintf_r.str1.1
                0x000000000800a00c       0x11 /opt/st/stm32cubeide_1.6.0/plugins/com.st.stm32cube.ide.mcu.externaltools.gnu-tools-for-stm32.9-2020-q2-update.linux64_1.5.0.202011040924/tools/bin/../lib/gcc/arm-none-eabi/9.3.1/../../../../arm-none-eabi/lib/thumb/v7-m/nofp/libc_nano.a(lib_a-nano-svfprintf.o)
 .rodata.__ssvfscanf_r.str1.1
                0x000000000800a01d        0x4 /opt/st/stm32cubeide_1.6.0/plugins/com.st.stm32cube.ide.mcu.externaltools.gnu-tools-for-stm32.9-2020-q2-update.linux64_1.5.0.202011040924/tools/bin/../lib/gcc/arm-none-eabi/9.3.1/../../../../arm-none-eabi/lib/thumb/v7-m/nofp/libc_nano.a(lib_a-nano-svfscanf.o)
 .rodata.str1.1
                0x000000000800a01d        0x9 /opt/st/stm32cubeide_1.6.0/plugins/com.st.stm32cube.ide.mcu.externaltools.gnu-tools-for-stm32.9-2020-q2-update.linux64_1.5.0.202011040924/tools/bin/../lib/gcc/arm-none-eabi/9.3.1/../../../../arm-none-eabi/lib/thumb/v7-m/nofp/libc_nano.a(lib_a-nano-vfscanf_i.o)
 .rodata._scanf_i.str1.1
                0x000000000800a026       0x12 /opt/st/stm32cubeide_1.6.0/plugins/com.st.stm32cube.ide.mcu.externaltools.gnu-tools-for-stm32.9-2020-q2-update.linux64_1.5.0.202011040924/tools/bin/../lib/gcc/arm-none-eabi/9.3.1/../../../../arm-none-eabi/lib/thumb/v7-m/nofp/libc_nano.a(lib_a-nano-vfscanf_i.o)
 .rodata.__assert_func.str1.1
                0x000000000800a038       0x3c /opt/st/stm32cubeide_1.6.0/plugins/com.st.stm32cube.ide.mcu.externaltools.gnu-tools-for-stm32.9-2020-q2-update.linux64_1.5.0.202011040924/tools/bin/../lib/gcc/arm-none-eabi/9.3.1/../../../../arm-none-eabi/lib/thumb/v7-m/nofp/libc_nano.a(lib_a-assert.o)
                                         0x3d (size before relaxing)
 .rodata.__sf_fake_stderr
                0x000000000800a074       0x20 /opt/st/stm32cubeide_1.6.0/plugins/com.st.stm32cube.ide.mcu.externaltools.gnu-tools-for-stm32.9-2020-q2-update.linux64_1.5.0.202011040924/tools/bin/../lib/gcc/arm-none-eabi/9.3.1/../../../../arm-none-eabi/lib/thumb/v7-m/nofp/libc_nano.a(lib_a-findfp.o)
                0x000000000800a074                __sf_fake_stderr
 .rodata.__sf_fake_stdin
                0x000000000800a094       0x20 /opt/st/stm32cubeide_1.6.0/plugins/com.st.stm32cube.ide.mcu.externaltools.gnu-tools-for-stm32.9-2020-q2-update.linux64_1.5.0.202011040924/tools/bin/../lib/gcc/arm-none-eabi/9.3.1/../../../../arm-none-eabi/lib/thumb/v7-m/nofp/libc_nano.a(lib_a-findfp.o)
                0x000000000800a094                __sf_fake_stdin
 .rodata.__sf_fake_stdout
                0x000000000800a0b4       0x20 /opt/st/stm32cubeide_1.6.0/plugins/com.st.stm32cube.ide.mcu.externaltools.gnu-tools-for-stm32.9-2020-q2-update.linux64_1.5.0.202011040924/tools/bin/../lib/gcc/arm-none-eabi/9.3.1/../../../../arm-none-eabi/lib/thumb/v7-m/nofp/libc_nano.a(lib_a-findfp.o)
                0x000000000800a0b4                __sf_fake_stdout
 .rodata._vfprintf_r.str1.1
                0x000000000800a0d4       0x11 /opt/st/stm32cubeide_1.6.0/plugins/com.st.stm32cube.ide.mcu.externaltools.gnu-tools-for-stm32.9-2020-q2-update.linux64_1.5.0.202011040924/tools/bin/../lib/gcc/arm-none-eabi/9.3.1/../../../../arm-none-eabi/lib/thumb/v7-m/nofp/libc_nano.a(lib_a-nano-vfprintf.o)
                0x000000000800a0e8                . = ALIGN (0x4)

.rel.dyn        0x000000000800a0d4        0x0
 .rel.iplt      0x000000000800a0d4        0x0 /opt/st/stm32cubeide_1.6.0/plugins/com.st.stm32cube.ide.mcu.externaltools.gnu-tools-for-stm32.9-2020-q2-update.linux64_1.5.0.202011040924/tools/bin/../lib/gcc/arm-none-eabi/9.3.1/thumb/v7-m/nofp/crtbegin.o

.ARM.extab      0x000000000800a0d4        0x0
                0x000000000800a0d4                . = ALIGN (0x4)
 *(.ARM.extab* .gnu.linkonce.armextab.*)
                0x000000000800a0d4                . = ALIGN (0x4)

.ARM            0x000000000800a0d4        0x0
                0x000000000800a0d4                . = ALIGN (0x4)
                0x000000000800a0d4                __exidx_start = .
 *(.ARM.exidx*)
                0x000000000800a0d4                __exidx_end = .
                0x000000000800a0d4                . = ALIGN (0x4)

.preinit_array  0x000000000800a0d4        0x0
                0x000000000800a0d4                . = ALIGN (0x4)
                0x000000000800a0d4                PROVIDE (__preinit_array_start = .)
 *(.preinit_array*)
                0x000000000800a0d4                PROVIDE (__preinit_array_end = .)
                0x000000000800a0d4                . = ALIGN (0x4)

.init_array     0x000000000800a0d4        0x4
                0x000000000800a0d4                . = ALIGN (0x4)